Archive member included to satisfy reference by file (symbol)

c:/st/stm32cubeide_1.12.0/stm32cubeide/plugins/com.st.stm32cube.ide.mcu.externaltools.gnu-tools-for-stm32.10.3-2021.10.win32_1.0.200.202301161003/tools/bin/../lib/gcc/arm-none-eabi/10.3.1/../../../../arm-none-eabi/lib/thumb/v6-m/nofp\libc_nano.a(lib_a-errno.o)
                              ./Core/Src/syscalls.o (__errno)
c:/st/stm32cubeide_1.12.0/stm32cubeide/plugins/com.st.stm32cube.ide.mcu.externaltools.gnu-tools-for-stm32.10.3-2021.10.win32_1.0.200.202301161003/tools/bin/../lib/gcc/arm-none-eabi/10.3.1/../../../../arm-none-eabi/lib/thumb/v6-m/nofp\libc_nano.a(lib_a-exit.o)
                              c:/st/stm32cubeide_1.12.0/stm32cubeide/plugins/com.st.stm32cube.ide.mcu.externaltools.gnu-tools-for-stm32.10.3-2021.10.win32_1.0.200.202301161003/tools/bin/../lib/gcc/arm-none-eabi/10.3.1/../../../../arm-none-eabi/lib/thumb/v6-m/nofp/crt0.o (exit)
c:/st/stm32cubeide_1.12.0/stm32cubeide/plugins/com.st.stm32cube.ide.mcu.externaltools.gnu-tools-for-stm32.10.3-2021.10.win32_1.0.200.202301161003/tools/bin/../lib/gcc/arm-none-eabi/10.3.1/../../../../arm-none-eabi/lib/thumb/v6-m/nofp\libc_nano.a(lib_a-impure.o)
                              c:/st/stm32cubeide_1.12.0/stm32cubeide/plugins/com.st.stm32cube.ide.mcu.externaltools.gnu-tools-for-stm32.10.3-2021.10.win32_1.0.200.202301161003/tools/bin/../lib/gcc/arm-none-eabi/10.3.1/../../../../arm-none-eabi/lib/thumb/v6-m/nofp\libc_nano.a(lib_a-exit.o) (_global_impure_ptr)
c:/st/stm32cubeide_1.12.0/stm32cubeide/plugins/com.st.stm32cube.ide.mcu.externaltools.gnu-tools-for-stm32.10.3-2021.10.win32_1.0.200.202301161003/tools/bin/../lib/gcc/arm-none-eabi/10.3.1/../../../../arm-none-eabi/lib/thumb/v6-m/nofp\libc_nano.a(lib_a-init.o)
                              c:/st/stm32cubeide_1.12.0/stm32cubeide/plugins/com.st.stm32cube.ide.mcu.externaltools.gnu-tools-for-stm32.10.3-2021.10.win32_1.0.200.202301161003/tools/bin/../lib/gcc/arm-none-eabi/10.3.1/../../../../arm-none-eabi/lib/thumb/v6-m/nofp/crt0.o (__libc_init_array)
c:/st/stm32cubeide_1.12.0/stm32cubeide/plugins/com.st.stm32cube.ide.mcu.externaltools.gnu-tools-for-stm32.10.3-2021.10.win32_1.0.200.202301161003/tools/bin/../lib/gcc/arm-none-eabi/10.3.1/../../../../arm-none-eabi/lib/thumb/v6-m/nofp\libc_nano.a(lib_a-memset.o)
                              c:/st/stm32cubeide_1.12.0/stm32cubeide/plugins/com.st.stm32cube.ide.mcu.externaltools.gnu-tools-for-stm32.10.3-2021.10.win32_1.0.200.202301161003/tools/bin/../lib/gcc/arm-none-eabi/10.3.1/../../../../arm-none-eabi/lib/thumb/v6-m/nofp/crt0.o (memset)
c:/st/stm32cubeide_1.12.0/stm32cubeide/plugins/com.st.stm32cube.ide.mcu.externaltools.gnu-tools-for-stm32.10.3-2021.10.win32_1.0.200.202301161003/tools/bin/../lib/gcc/arm-none-eabi/10.3.1/thumb/v6-m/nofp\libgcc.a(_udivsi3.o)
                              ./Core/Src/system_stm32g0xx.o (__aeabi_uidiv)
c:/st/stm32cubeide_1.12.0/stm32cubeide/plugins/com.st.stm32cube.ide.mcu.externaltools.gnu-tools-for-stm32.10.3-2021.10.win32_1.0.200.202301161003/tools/bin/../lib/gcc/arm-none-eabi/10.3.1/thumb/v6-m/nofp\libgcc.a(_divsi3.o)
                              ./Drivers/BSP/Components/led1202/led1202.o (__aeabi_idiv)
c:/st/stm32cubeide_1.12.0/stm32cubeide/plugins/com.st.stm32cube.ide.mcu.externaltools.gnu-tools-for-stm32.10.3-2021.10.win32_1.0.200.202301161003/tools/bin/../lib/gcc/arm-none-eabi/10.3.1/thumb/v6-m/nofp\libgcc.a(_dvmd_tls.o)
                              c:/st/stm32cubeide_1.12.0/stm32cubeide/plugins/com.st.stm32cube.ide.mcu.externaltools.gnu-tools-for-stm32.10.3-2021.10.win32_1.0.200.202301161003/tools/bin/../lib/gcc/arm-none-eabi/10.3.1/thumb/v6-m/nofp\libgcc.a(_udivsi3.o) (__aeabi_idiv0)
c:/st/stm32cubeide_1.12.0/stm32cubeide/plugins/com.st.stm32cube.ide.mcu.externaltools.gnu-tools-for-stm32.10.3-2021.10.win32_1.0.200.202301161003/tools/bin/../lib/gcc/arm-none-eabi/10.3.1/thumb/v6-m/nofp\libgcc.a(_aeabi_uldivmod.o)
                              ./Drivers/STM32G0xx_HAL_Driver/Src/stm32g0xx_hal_uart.o (__aeabi_uldivmod)
c:/st/stm32cubeide_1.12.0/stm32cubeide/plugins/com.st.stm32cube.ide.mcu.externaltools.gnu-tools-for-stm32.10.3-2021.10.win32_1.0.200.202301161003/tools/bin/../lib/gcc/arm-none-eabi/10.3.1/thumb/v6-m/nofp\libgcc.a(_udivmoddi4.o)
                              c:/st/stm32cubeide_1.12.0/stm32cubeide/plugins/com.st.stm32cube.ide.mcu.externaltools.gnu-tools-for-stm32.10.3-2021.10.win32_1.0.200.202301161003/tools/bin/../lib/gcc/arm-none-eabi/10.3.1/thumb/v6-m/nofp\libgcc.a(_aeabi_uldivmod.o) (__udivmoddi4)
c:/st/stm32cubeide_1.12.0/stm32cubeide/plugins/com.st.stm32cube.ide.mcu.externaltools.gnu-tools-for-stm32.10.3-2021.10.win32_1.0.200.202301161003/tools/bin/../lib/gcc/arm-none-eabi/10.3.1/thumb/v6-m/nofp\libgcc.a(_clzdi2.o)
[...]
Memory Configuration

Name             Origin             Length             Attributes
RAM              0x0000000020000000 0x0000000000024000 xrw
FLASH            0x0000000008000000 0x0000000000080000 xr
*default*        0x0000000000000000 0xffffffffffffffff

Linker script and memory map

LOAD c:/st/stm32cubeide_1.12.0/stm32cubeide/plugins/com.st.stm32cube.ide.mcu.externaltools.gnu-tools-for-stm32.10.3-2021.10.win32_1.0.200.202301161003/tools/bin/../lib/gcc/arm-none-eabi/10.3.1/thumb/v6-m/nofp/crti.o
LOAD c:/st/stm32cubeide_1.12.0/stm32cubeide/plugins/com.st.stm32cube.ide.mcu.externaltools.gnu-tools-for-stm32.10.3-2021.10.win32_1.0.200.202301161003/tools/bin/../lib/gcc/arm-none-eabi/10.3.1/thumb/v6-m/nofp/crtbegin.o
LOAD c:/st/stm32cubeide_1.12.0/stm32cubeide/plugins/com.st.stm32cube.ide.mcu.externaltools.gnu-tools-for-stm32.10.3-2021.10.win32_1.0.200.202301161003/tools/bin/../lib/gcc/arm-none-eabi/10.3.1/../../../../arm-none-eabi/lib/thumb/v6-m/nofp/crt0.o
LOAD ./Core/Src/bridge.o
LOAD ./Core/Src/main.o
LOAD ./Core/Src/stm32g0xx_hal_msp.o
LOAD ./Core/Src/stm32g0xx_it.o
LOAD ./Core/Src/syscalls.o
LOAD ./Core/Src/sysmem.o
LOAD ./Core/Src/system_stm32g0xx.o
LOAD ./Core/Startup/startup_stm32g0b1retx.o
LOAD ./Drivers/BSP/Components/led1202/led1202.o
LOAD ./Drivers/BSP/Components/led1202/led1202_reg.o
LOAD ./Drivers/BSP/LED12A1/led12a1.o
LOAD ./Drivers/STM32G0xx_HAL_Driver/Src/stm32g0xx_hal.o
LOAD ./Drivers/STM32G0xx_HAL_Driver/Src/stm32g0xx_hal_cortex.o
LOAD ./Drivers/STM32G0xx_HAL_Driver/Src/stm32g0xx_hal_dma.o
LOAD ./Drivers/STM32G0xx_HAL_Driver/Src/stm32g0xx_hal_dma_ex.o
LOAD ./Drivers/STM32G0xx_HAL_Driver/Src/stm32g0xx_hal_exti.o
LOAD ./Drivers/STM32G0xx_HAL_Driver/Src/stm32g0xx_hal_flash.o
LOAD ./Drivers/STM32G0xx_HAL_Driver/Src/stm32g0xx_hal_flash_ex.o
LOAD ./Drivers/STM32G0xx_HAL_Driver/Src/stm32g0xx_hal_gpio.o
LOAD ./Drivers/STM32G0xx_HAL_Driver/Src/stm32g0xx_hal_i2c.o
LOAD ./Drivers/STM32G0xx_HAL_Driver/Src/stm32g0xx_hal_i2c_ex.o
LOAD ./Drivers/STM32G0xx_HAL_Driver/Src/stm32g0xx_hal_pwr.o
LOAD ./Drivers/STM32G0xx_HAL_Driver/Src/stm32g0xx_hal_pwr_ex.o
LOAD ./Drivers/STM32G0xx_HAL_Driver/Src/stm32g0xx_hal_rcc.o
LOAD ./Drivers/STM32G0xx_HAL_Driver/Src/stm32g0xx_hal_rcc_ex.o
LOAD ./Drivers/STM32G0xx_HAL_Driver/Src/stm32g0xx_hal_tim.o
LOAD ./Drivers/STM32G0xx_HAL_Driver/Src/stm32g0xx_hal_tim_ex.o
LOAD ./Drivers/STM32G0xx_HAL_Driver/Src/stm32g0xx_hal_uart.o
LOAD ./Drivers/STM32G0xx_HAL_Driver/Src/stm32g0xx_hal_uart_ex.o
LOAD ./Drivers/STM32G0xx_HAL_Driver/Src/stm32g0xx_ll_dma.o
LOAD ./Drivers/STM32G0xx_HAL_Driver/Src/stm32g0xx_ll_rcc.o
START GROUP
LOAD c:/st/stm32cubeide_1.12.0/stm32cubeide/plugins/com.st.stm32cube.ide.mcu.externaltools.gnu-tools-for-stm32.10.3-2021.10.win32_1.0.200.202301161003/tools/bin/../lib/gcc/arm-none-eabi/10.3.1/../../../../arm-none-eabi/lib/thumb/v6-m/nofp\libc_nano.a
LOAD c:/st/stm32cubeide_1.12.0/stm32cubeide/plugins/com.st.stm32cube.ide.mcu.externaltools.gnu-tools-for-stm32.10.3-2021.10.win32_1.0.200.202301161003/tools/bin/../lib/gcc/arm-none-eabi/10.3.1/../../../../arm-none-eabi/lib/thumb/v6-m/nofp\libm.a
END GROUP
START GROUP
LOAD c:/st/stm32cubeide_1.12.0/stm32cubeide/plugins/com.st.stm32cube.ide.mcu.externaltools.gnu-tools-for-stm32.10.3-2021.10.win32_1.0.200.202301161003/tools/bin/../lib/gcc/arm-none-eabi/10.3.1/thumb/v6-m/nofp\libgcc.a
LOAD c:/st/stm32cubeide_1.12.0/stm32cubeide/plugins/com.st.stm32cube.ide.mcu.externaltools.gnu-tools-for-stm32.10.3-2021.10.win32_1.0.200.202301161003/tools/bin/../lib/gcc/arm-none-eabi/10.3.1/../../../../arm-none-eabi/lib/thumb/v6-m/nofp\libc_nano.a
END GROUP
START GROUP
LOAD c:/st/stm32cubeide_1.12.0/stm32cubeide/plugins/com.st.stm32cube.ide.mcu.externaltools.gnu-tools-for-stm32.10.3-2021.10.win32_1.0.200.202301161003/tools/bin/../lib/gcc/arm-none-eabi/10.3.1/thumb/v6-m/nofp\libgcc.a
LOAD c:/st/stm32cubeide_1.12.0/stm32cubeide/plugins/com.st.stm32cube.ide.mcu.externaltools.gnu-tools-for-stm32.10.3-2021.10.win32_1.0.200.202301161003/tools/bin/../lib/gcc/arm-none-eabi/10.3.1/../../../../arm-none-eabi/lib/thumb/v6-m/nofp\libc_nano.a
LOAD c:/st/stm32cubeide_1.12.0/stm32cubeide/plugins/com.st.stm32cube.ide.mcu.externaltools.gnu-tools-for-stm32.10.3-2021.10.win32_1.0.200.202301161003/tools/bin/../lib/gcc/arm-none-eabi/10.3.1/../../../../arm-none-eabi/lib/thumb/v6-m/nofp\libnosys.a
END GROUP
START GROUP
LOAD c:/st/stm32cubeide_1.12.0/stm32cubeide/plugins/com.st.stm32cube.ide.mcu.externaltools.gnu-tools-for-stm32.10.3-2021.10.win32_1.0.200.202301161003/tools/bin/../lib/gcc/arm-none-eabi/10.3.1/thumb/v6-m/nofp\libgcc.a
LOAD c:/st/stm32cubeide_1.12.0/stm32cubeide/plugins/com.st.stm32cube.ide.mcu.externaltools.gnu-tools-for-stm32.10.3-2021.10.win32_1.0.200.202301161003/tools/bin/../lib/gcc/arm-none-eabi/10.3.1/../../../../arm-none-eabi/lib/thumb/v6-m/nofp\libc_nano.a
LOAD c:/st/stm32cubeide_1.12.0/stm32cubeide/plugins/com.st.stm32cube.ide.mcu.externaltools.gnu-tools-for-stm32.10.3-2021.10.win32_1.0.200.202301161003/tools/bin/../lib/gcc/arm-none-eabi/10.3.1/../../../../arm-none-eabi/lib/thumb/v6-m/nofp\libnosys.a
END GROUP
LOAD c:/st/stm32cubeide_1.12.0/stm32cubeide/plugins/com.st.stm32cube.ide.mcu.externaltools.gnu-tools-for-stm32.10.3-2021.10.win32_1.0.200.202301161003/tools/bin/../lib/gcc/arm-none-eabi/10.3.1/thumb/v6-m/nofp/crtend.o
LOAD c:/st/stm32cubeide_1.12.0/stm32cubeide/plugins/com.st.stm32cube.ide.mcu.externaltools.gnu-tools-for-stm32.10.3-2021.10.win32_1.0.200.202301161003/tools/bin/../lib/gcc/arm-none-eabi/10.3.1/thumb/v6-m/nofp/crtn.o
                0x0000000020024000                _estack = (ORIGIN (RAM) + LENGTH (RAM))
                0x0000000000000200                _Min_Heap_Size = 0x200
                0x0000000000000400                _Min_Stack_Size = 0x400

.isr_vector     0x0000000008000000       0xbc
                0x0000000008000000                . = ALIGN (0x4)
 *(.isr_vector)
 .isr_vector    0x0000000008000000       0xbc ./Core/Startup/startup_stm32g0b1retx.o
                0x0000000008000000                g_pfnVectors
                0x00000000080000bc                . = ALIGN (0x4)

.text           0x00000000080000bc     0x4f1c
                0x00000000080000bc                . = ALIGN (0x4)
 *(.text)
 .text          0x00000000080000bc       0x48 c:/st/stm32cubeide_1.12.0/stm32cubeide/plugins/com.st.stm32cube.ide.mcu.externaltools.gnu-tools-for-stm32.10.3-2021.10.win32_1.0.200.202301161003/tools/bin/../lib/gcc/arm-none-eabi/10.3.1/thumb/v6-m/nofp/crtbegin.o
 .text          0x0000000008000104      0x114 c:/st/stm32cubeide_1.12.0/stm32cubeide/plugins/com.st.stm32cube.ide.mcu.externaltools.gnu-tools-for-stm32.10.3-2021.10.win32_1.0.200.202301161003/tools/bin/../lib/gcc/arm-none-eabi/10.3.1/thumb/v6-m/nofp\libgcc.a(_udivsi3.o)
                0x0000000008000104                __aeabi_uidiv
                0x0000000008000104                __udivsi3
                0x0000000008000210                __aeabi_uidivmod
 .text          0x0000000008000218      0x1d4 c:/st/stm32cubeide_1.12.0/stm32cubeide/plugins/com.st.stm32cube.ide.mcu.externaltools.gnu-tools-for-stm32.10.3-2021.10.win32_1.0.200.202301161003/tools/bin/../lib/gcc/arm-none-eabi/10.3.1/thumb/v6-m/nofp\libgcc.a(_divsi3.o)
                0x0000000008000218                __divsi3
                0x0000000008000218                __aeabi_idiv
                0x00000000080003e4                __aeabi_idivmod
 .text          0x00000000080003ec        0x4 c:/st/stm32cubeide_1.12.0/stm32cubeide/plugins/com.st.stm32cube.ide.mcu.externaltools.gnu-tools-for-stm32.10.3-2021.10.win32_1.0.200.202301161003/tools/bin/../lib/gcc/arm-none-eabi/10.3.1/thumb/v6-m/nofp\libgcc.a(_dvmd_tls.o)
                0x00000000080003ec                __aeabi_idiv0
                0x00000000080003ec                __aeabi_ldiv0
 .text          0x00000000080003f0       0x40 c:/st/stm32cubeide_1.12.0/stm32cubeide/plugins/com.st.stm32cube.ide.mcu.externaltools.gnu-tools-for-stm32.10.3-2021.10.win32_1.0.200.202301161003/tools/bin/../lib/gcc/arm-none-eabi/10.3.1/thumb/v6-m/nofp\libgcc.a(_aeabi_uldivmod.o)
                0x00000000080003f0                __aeabi_uldivmod
 .text          0x0000000008000430      0x198 c:/st/stm32cubeide_1.12.0/stm32cubeide/plugins/com.st.stm32cube.ide.mcu.externaltools.gnu-tools-for-stm32.10.3-2021.10.win32_1.0.200.202301161003/tools/bin/../lib/gcc/arm-none-eabi/10.3.1/thumb/v6-m/nofp\libgcc.a(_udivmoddi4.o)
                0x0000000008000430                __udivmoddi4
 .text          0x00000000080005c8       0x18 c:/st/stm32cubeide_1.12.0/stm32cubeide/plugins/com.st.stm32cube.ide.mcu.externaltools.gnu-tools-for-stm32.10.3-2021.10.win32_1.0.200.202301161003/tools/bin/../lib/gcc/arm-none-eabi/10.3.1/thumb/v6-m/nofp\libgcc.a(_clzdi2.o)
                0x00000000080005c8                __clzdi2
 .text          0x00000000080005e0       0x3c c:/st/stm32cubeide_1.12.0/stm32cubeide/plugins/com.st.stm32cube.ide.mcu.externaltools.gnu-tools-for-stm32.10.3-2021.10.win32_1.0.200.202301161003/tools/bin/../lib/gcc/arm-none-eabi/10.3.1/thumb/v6-m/nofp\libgcc.a(_clzsi2.o)
                0x00000000080005e0                __clzsi2
 *(.text*)
 .text.ClearBuffers
                0x000000000800061c       0x48 ./Core/Src/bridge.o
                0x000000000800061c                ClearBuffers
 .text.main     0x0000000008000664      0x380 ./Core/Src/main.o
                0x0000000008000664                main
 .text.SystemClock_Config
                0x00000000080009e4       0x90 ./Core/Src/main.o
                0x00000000080009e4                SystemClock_Config
 .text.MX_I2C1_Init
                0x0000000008000a74       0x80 ./Core/Src/main.o
                0x0000000008000a74                MX_I2C1_Init
 .text.MX_TIM2_Init
                0x0000000008000af4       0xa8 ./Core/Src/main.o
 .text.MX_TIM3_Init
                0x0000000008000b9c       0xac ./Core/Src/main.o
 .text.MX_USART2_UART_Init
                0x0000000008000c48       0x9c ./Core/Src/main.o
 .text.MX_GPIO_Init
                0x0000000008000ce4       0xb8 ./Core/Src/main.o
 .text.Error_Handler
                0x0000000008000d9c        0xa ./Core/Src/main.o
                0x0000000008000d9c                Error_Handler
 *fill*         0x0000000008000da6        0x2 
 .text.HAL_MspInit
                0x0000000008000da8       0x48 ./Core/Src/stm32g0xx_hal_msp.o
                0x0000000008000da8                HAL_MspInit
 .text.HAL_I2C_MspInit
                0x0000000008000df0       0xc4 ./Core/Src/stm32g0xx_hal_msp.o
                0x0000000008000df0                HAL_I2C_MspInit
 .text.HAL_I2C_MspDeInit
                0x0000000008000eb4       0x54 ./Core/Src/stm32g0xx_hal_msp.o
                0x0000000008000eb4                HAL_I2C_MspDeInit
 .text.HAL_TIM_Base_MspInit
                0x0000000008000f08       0x60 ./Core/Src/stm32g0xx_hal_msp.o
                0x0000000008000f08                HAL_TIM_Base_MspInit
 .text.HAL_UART_MspInit
                0x0000000008000f68       0xc0 ./Core/Src/stm32g0xx_hal_msp.o
                0x0000000008000f68                HAL_UART_MspInit
 .text.NMI_Handler
                0x0000000008001028        0x6 ./Core/Src/stm32g0xx_it.o
                0x0000000008001028                NMI_Handler
 .text.HardFault_Handler
                0x000000000800102e        0x6 ./Core/Src/stm32g0xx_it.o
                0x000000000800102e                HardFault_Handler
 .text.SVC_Handler
                0x0000000008001034        0xa ./Core/Src/stm32g0xx_it.o
                0x0000000008001034                SVC_Handler
 .text.PendSV_Handler
                0x000000000800103e        0xa ./Core/Src/stm32g0xx_it.o
                0x000000000800103e                PendSV_Handler
 .text.SysTick_Handler
                0x0000000008001048        0xe ./Core/Src/stm32g0xx_it.o
                0x0000000008001048                SysTick_Handler
 .text.SystemInit
                0x0000000008001056        0xa ./Core/Src/system_stm32g0xx.o
                0x0000000008001056                SystemInit
 .text.Reset_Handler
                0x0000000008001060       0x50 ./Core/Startup/startup_stm32g0b1retx.o
                0x0000000008001060                Reset_Handler
 .text.Default_Handler
                0x00000000080010b0        0x2 ./Core/Startup/startup_stm32g0b1retx.o
                0x00000000080010b0                I2C2_3_IRQHandler
                0x00000000080010b0                USART3_4_5_6_LPUART1_IRQHandler
                0x00000000080010b0                TIM1_CC_IRQHandler
                0x00000000080010b0                ADC1_COMP_IRQHandler
                0x00000000080010b0                I2C1_IRQHandler
                0x00000000080010b0                TIM7_LPTIM2_IRQHandler
                0x00000000080010b0                TIM17_FDCAN_IT1_IRQHandler
                0x00000000080010b0                DMA1_Ch4_7_DMA2_Ch1_5_DMAMUX1_OVR_IRQHandler
                0x00000000080010b0                RCC_CRS_IRQHandler
                0x00000000080010b0                RTC_TAMP_IRQHandler
                0x00000000080010b0                SPI1_IRQHandler
                0x00000000080010b0                USB_UCPD1_2_IRQHandler
                0x00000000080010b0                EXTI2_3_IRQHandler
                0x00000000080010b0                USART2_LPUART2_IRQHandler
                0x00000000080010b0                PVD_VDDIO2_IRQHandler
                0x00000000080010b0                EXTI4_15_IRQHandler
                0x00000000080010b0                DMA1_Channel1_IRQHandler
                0x00000000080010b0                Default_Handler
                0x00000000080010b0                CEC_IRQHandler
                0x00000000080010b0                TIM14_IRQHandler
                0x00000000080010b0                TIM15_IRQHandler
                0x00000000080010b0                TIM3_TIM4_IRQHandler
                0x00000000080010b0                EXTI0_1_IRQHandler
                0x00000000080010b0                SPI2_3_IRQHandler
                0x00000000080010b0                TIM6_DAC_LPTIM1_IRQHandler
                0x00000000080010b0                WWDG_IRQHandler
                0x00000000080010b0                TIM2_IRQHandler
                0x00000000080010b0                DMA1_Channel2_3_IRQHandler
                0x00000000080010b0                FLASH_IRQHandler
                0x00000000080010b0                USART1_IRQHandler
                0x00000000080010b0                TIM16_FDCAN_IT0_IRQHandler
                0x00000000080010b0                TIM1_BRK_UP_TRG_COM_IRQHandler
 *fill*         0x00000000080010b2        0x2 
 .text.LED1202_RegisterBusIO
                0x00000000080010b4       0x94 ./Drivers/BSP/Components/led1202/led1202.o
                0x00000000080010b4                LED1202_RegisterBusIO
 .text.LED1202_ReadID
                0x0000000008001148       0x50 ./Drivers/BSP/Components/led1202/led1202.o
                0x0000000008001148                LED1202_ReadID
 .text.LED1202_SetChannelState
                0x0000000008001198       0xea ./Drivers/BSP/Components/led1202/led1202.o
                0x0000000008001198                LED1202_SetChannelState
 .text.LED1202_WriteLEDCurrentReg
                0x0000000008001282       0x80 ./Drivers/BSP/Components/led1202/led1202.o
                0x0000000008001282                LED1202_WriteLEDCurrentReg
 .text.LED1202_WritePatternPWMConfig
                0x0000000008001302       0x80 ./Drivers/BSP/Components/led1202/led1202.o
                0x0000000008001302                LED1202_WritePatternPWMConfig
 .text.LED1202_ReadReg
                0x0000000008001382       0x42 ./Drivers/BSP/Components/led1202/led1202_reg.o
                0x0000000008001382                LED1202_ReadReg
 .text.LED1202_WriteReg
                0x00000000080013c4       0x42 ./Drivers/BSP/Components/led1202/led1202_reg.o
                0x00000000080013c4                LED1202_WriteReg
 *fill*         0x0000000008001406        0x2 
 .text.LED12A1_Init
                0x0000000008001408       0x68 ./Drivers/BSP/LED12A1/led12a1.o
                0x0000000008001408                LED12A1_Init
 .text.BSP_I2C_Init
                0x0000000008001470       0x10 ./Drivers/BSP/LED12A1/led12a1.o
                0x0000000008001470                BSP_I2C_Init
 .text.BSP_I2C_DeInit
                0x0000000008001480       0x24 ./Drivers/BSP/LED12A1/led12a1.o
                0x0000000008001480                BSP_I2C_DeInit
 .text.BSP_I2C_Write
                0x00000000080014a4       0x64 ./Drivers/BSP/LED12A1/led12a1.o
                0x00000000080014a4                BSP_I2C_Write
 .text.BSP_I2C_Read
                0x0000000008001508       0x60 ./Drivers/BSP/LED12A1/led12a1.o
                0x0000000008001508                BSP_I2C_Read
 .text.ReadRegWrap
                0x0000000008001568       0x44 ./Drivers/BSP/LED12A1/led12a1.o
                0x0000000008001568                ReadRegWrap
 .text.WriteRegWrap
                0x00000000080015ac       0x44 ./Drivers/BSP/LED12A1/led12a1.o
                0x00000000080015ac                WriteRegWrap
 .text.LED12A1_DeviceEnable
                0x00000000080015f0       0x9c ./Drivers/BSP/LED12A1/led12a1.o
                0x00000000080015f0                LED12A1_DeviceEnable
 .text.LED12A1_SetDeviceAddr
                0x000000000800168c       0x78 ./Drivers/BSP/LED12A1/led12a1.o
                0x000000000800168c                LED12A1_SetDeviceAddr
 .text.LED12A1_ScanAvailDevice
                0x0000000008001704       0x8a ./Drivers/BSP/LED12A1/led12a1.o
                0x0000000008001704                LED12A1_ScanAvailDevice
 .text.LED12A1_AnalogDimming
                0x000000000800178e       0x5a ./Drivers/BSP/LED12A1/led12a1.o
                0x000000000800178e                LED12A1_AnalogDimming
 .text.LED12A1_DigitalDimming
                0x00000000080017e8       0x54 ./Drivers/BSP/LED12A1/led12a1.o
                0x00000000080017e8                LED12A1_DigitalDimming
 .text.LED12A1_ChannelEnable
                0x000000000800183c       0x4e ./Drivers/BSP/LED12A1/led12a1.o
                0x000000000800183c                LED12A1_ChannelEnable
 .text.LED12A1_ChannelDisable
                0x000000000800188a       0x4e ./Drivers/BSP/LED12A1/led12a1.o
                0x000000000800188a                LED12A1_ChannelDisable
 .text.HAL_Init
                0x00000000080018d8       0x40 ./Drivers/STM32G0xx_HAL_Driver/Src/stm32g0xx_hal.o
                0x00000000080018d8                HAL_Init
 .text.HAL_InitTick
                0x0000000008001918       0x94 ./Drivers/STM32G0xx_HAL_Driver/Src/stm32g0xx_hal.o
                0x0000000008001918                HAL_InitTick
 .text.HAL_IncTick
                0x00000000080019ac       0x24 ./Drivers/STM32G0xx_HAL_Driver/Src/stm32g0xx_hal.o
                0x00000000080019ac                HAL_IncTick
 .text.HAL_GetTick
                0x00000000080019d0       0x14 ./Drivers/STM32G0xx_HAL_Driver/Src/stm32g0xx_hal.o
                0x00000000080019d0                HAL_GetTick
 .text.HAL_Delay
                0x00000000080019e4       0x48 ./Drivers/STM32G0xx_HAL_Driver/Src/stm32g0xx_hal.o
                0x00000000080019e4                HAL_Delay
 .text.__NVIC_SetPriority
                0x0000000008001a2c       0xdc ./Drivers/STM32G0xx_HAL_Driver/Src/stm32g0xx_hal_cortex.o
 .text.SysTick_Config
                0x0000000008001b08       0x48 ./Drivers/STM32G0xx_HAL_Driver/Src/stm32g0xx_hal_cortex.o
 .text.HAL_NVIC_SetPriority
                0x0000000008001b50       0x2a ./Drivers/STM32G0xx_HAL_Driver/Src/stm32g0xx_hal_cortex.o
                0x0000000008001b50                HAL_NVIC_SetPriority
 .text.HAL_SYSTICK_Config
                0x0000000008001b7a       0x1a ./Drivers/STM32G0xx_HAL_Driver/Src/stm32g0xx_hal_cortex.o
                0x0000000008001b7a                HAL_SYSTICK_Config
 .text.HAL_GPIO_Init
                0x0000000008001b94      0x2d8 ./Drivers/STM32G0xx_HAL_Driver/Src/stm32g0xx_hal_gpio.o
                0x0000000008001b94                HAL_GPIO_Init
 .text.HAL_GPIO_DeInit
                0x0000000008001e6c      0x1b0 ./Drivers/STM32G0xx_HAL_Driver/Src/stm32g0xx_hal_gpio.o
                0x0000000008001e6c                HAL_GPIO_DeInit
 .text.HAL_GPIO_WritePin
                0x000000000800201c       0x3a ./Drivers/STM32G0xx_HAL_Driver/Src/stm32g0xx_hal_gpio.o
                0x000000000800201c                HAL_GPIO_WritePin
 *fill*         0x0000000008002056        0x2 
 .text.HAL_I2C_Init
                0x0000000008002058      0x12c ./Drivers/STM32G0xx_HAL_Driver/Src/stm32g0xx_hal_i2c.o
                0x0000000008002058                HAL_I2C_Init
 .text.HAL_I2C_DeInit
                0x0000000008002184       0x60 ./Drivers/STM32G0xx_HAL_Driver/Src/stm32g0xx_hal_i2c.o
                0x0000000008002184                HAL_I2C_DeInit
 .text.HAL_I2C_Mem_Write
                0x00000000080021e4      0x25c ./Drivers/STM32G0xx_HAL_Driver/Src/stm32g0xx_hal_i2c.o
                0x00000000080021e4                HAL_I2C_Mem_Write
 .text.HAL_I2C_Mem_Read
                0x0000000008002440      0x268 ./Drivers/STM32G0xx_HAL_Driver/Src/stm32g0xx_hal_i2c.o
                0x0000000008002440                HAL_I2C_Mem_Read
 .text.I2C_RequestMemoryWrite
                0x00000000080026a8       0xc8 ./Drivers/STM32G0xx_HAL_Driver/Src/stm32g0xx_hal_i2c.o
 .text.I2C_RequestMemoryRead
                0x0000000008002770       0xc4 ./Drivers/STM32G0xx_HAL_Driver/Src/stm32g0xx_hal_i2c.o
 .text.I2C_Flush_TXDR
                0x0000000008002834       0x44 ./Drivers/STM32G0xx_HAL_Driver/Src/stm32g0xx_hal_i2c.o
 .text.I2C_WaitOnFlagUntilTimeout
                0x0000000008002878       0x7e ./Drivers/STM32G0xx_HAL_Driver/Src/stm32g0xx_hal_i2c.o
 .text.I2C_WaitOnTXISFlagUntilTimeout
                0x00000000080028f6       0x7e ./Drivers/STM32G0xx_HAL_Driver/Src/stm32g0xx_hal_i2c.o
 .text.I2C_WaitOnSTOPFlagUntilTimeout
                0x0000000008002974       0x78 ./Drivers/STM32G0xx_HAL_Driver/Src/stm32g0xx_hal_i2c.o
 .text.I2C_IsErrorOccurred
                0x00000000080029ec      0x200 ./Drivers/STM32G0xx_HAL_Driver/Src/stm32g0xx_hal_i2c.o
 .text.I2C_TransferConfig
                0x0000000008002bec       0x74 ./Drivers/STM32G0xx_HAL_Driver/Src/stm32g0xx_hal_i2c.o
 .text.HAL_I2CEx_ConfigAnalogFilter
                0x0000000008002c60       0x98 ./Drivers/STM32G0xx_HAL_Driver/Src/stm32g0xx_hal_i2c_ex.o
                0x0000000008002c60                HAL_I2CEx_ConfigAnalogFilter
 .text.HAL_I2CEx_ConfigDigitalFilter
                0x0000000008002cf8       0x98 ./Drivers/STM32G0xx_HAL_Driver/Src/stm32g0xx_hal_i2c_ex.o
                0x0000000008002cf8                HAL_I2CEx_ConfigDigitalFilter
 .text.HAL_PWREx_ControlVoltageScaling
                0x0000000008002d90       0x80 ./Drivers/STM32G0xx_HAL_Driver/Src/stm32g0xx_hal_pwr_ex.o
                0x0000000008002d90                HAL_PWREx_ControlVoltageScaling
 .text.LL_RCC_GetAPB1Prescaler
                0x0000000008002e10       0x18 ./Drivers/STM32G0xx_HAL_Driver/Src/stm32g0xx_hal_rcc.o
 .text.HAL_RCC_OscConfig
                0x0000000008002e28      0x6c0 ./Drivers/STM32G0xx_HAL_Driver/Src/stm32g0xx_hal_rcc.o
                0x0000000008002e28                HAL_RCC_OscConfig
 .text.HAL_RCC_ClockConfig
                0x00000000080034e8      0x210 ./Drivers/STM32G0xx_HAL_Driver/Src/stm32g0xx_hal_rcc.o
                0x00000000080034e8                HAL_RCC_ClockConfig
 .text.HAL_RCC_GetSysClockFreq
                0x00000000080036f8      0x104 ./Drivers/STM32G0xx_HAL_Driver/Src/stm32g0xx_hal_rcc.o
                0x00000000080036f8                HAL_RCC_GetSysClockFreq
 .text.HAL_RCC_GetHCLKFreq
                0x00000000080037fc       0x14 ./Drivers/STM32G0xx_HAL_Driver/Src/stm32g0xx_hal_rcc.o
                0x00000000080037fc                HAL_RCC_GetHCLKFreq
 .text.HAL_RCC_GetPCLK1Freq
                0x0000000008003810       0x2c ./Drivers/STM32G0xx_HAL_Driver/Src/stm32g0xx_hal_rcc.o
                0x0000000008003810                HAL_RCC_GetPCLK1Freq
 .text.HAL_RCCEx_PeriphCLKConfig
                0x000000000800383c      0x478 ./Drivers/STM32G0xx_HAL_Driver/Src/stm32g0xx_hal_rcc_ex.o
                0x000000000800383c                HAL_RCCEx_PeriphCLKConfig
 .text.HAL_TIM_Base_Init
                0x0000000008003cb4       0xb0 ./Drivers/STM32G0xx_HAL_Driver/Src/stm32g0xx_hal_tim.o
                0x0000000008003cb4                HAL_TIM_Base_Init
 .text.HAL_TIM_ConfigClockSource
                0x0000000008003d64      0x1ac ./Drivers/STM32G0xx_HAL_Driver/Src/stm32g0xx_hal_tim.o
                0x0000000008003d64                HAL_TIM_ConfigClockSource
 .text.TIM_Base_SetConfig
                0x0000000008003f10      0x114 ./Drivers/STM32G0xx_HAL_Driver/Src/stm32g0xx_hal_tim.o
                0x0000000008003f10                TIM_Base_SetConfig
 .text.TIM_TI1_ConfigInputStage
                0x0000000008004024       0x5c ./Drivers/STM32G0xx_HAL_Driver/Src/stm32g0xx_hal_tim.o
 .text.TIM_TI2_ConfigInputStage
                0x0000000008004080       0x64 ./Drivers/STM32G0xx_HAL_Driver/Src/stm32g0xx_hal_tim.o
 .text.TIM_ITRx_SetConfig
                0x00000000080040e4       0x38 ./Drivers/STM32G0xx_HAL_Driver/Src/stm32g0xx_hal_tim.o
 .text.TIM_ETR_SetConfig
                0x000000000800411c       0x40 ./Drivers/STM32G0xx_HAL_Driver/Src/stm32g0xx_hal_tim.o
                0x000000000800411c                TIM_ETR_SetConfig
 .text.HAL_TIMEx_MasterConfigSynchronization
                0x000000000800415c       0xec ./Drivers/STM32G0xx_HAL_Driver/Src/stm32g0xx_hal_tim_ex.o
                0x000000000800415c                HAL_TIMEx_MasterConfigSynchronization
 .text.HAL_UART_Init
                0x0000000008004248       0xac ./Drivers/STM32G0xx_HAL_Driver/Src/stm32g0xx_hal_uart.o
                0x0000000008004248                HAL_UART_Init
 .text.UART_SetConfig
                0x00000000080042f4      0x6ac ./Drivers/STM32G0xx_HAL_Driver/Src/stm32g0xx_hal_uart.o
                0x00000000080042f4                UART_SetConfig
 .text.UART_AdvFeatureConfig
                0x00000000080049a0      0x168 ./Drivers/STM32G0xx_HAL_Driver/Src/stm32g0xx_hal_uart.o
                0x00000000080049a0                UART_AdvFeatureConfig
 .text.UART_CheckIdleState
                0x0000000008004b08       0x9c ./Drivers/STM32G0xx_HAL_Driver/Src/stm32g0xx_hal_uart.o
                0x0000000008004b08                UART_CheckIdleState
 .text.UART_WaitOnFlagUntilTimeout
                0x0000000008004ba4      0x190 ./Drivers/STM32G0xx_HAL_Driver/Src/stm32g0xx_hal_uart.o
                0x0000000008004ba4                UART_WaitOnFlagUntilTimeout
 .text.HAL_UARTEx_DisableFifoMode
                0x0000000008004d34       0x74 ./Drivers/STM32G0xx_HAL_Driver/Src/stm32g0xx_hal_uart_ex.o
                0x0000000008004d34                HAL_UARTEx_DisableFifoMode
 .text.HAL_UARTEx_SetTxFifoThreshold
                0x0000000008004da8       0x7e ./Drivers/STM32G0xx_HAL_Driver/Src/stm32g0xx_hal_uart_ex.o
                0x0000000008004da8                HAL_UARTEx_SetTxFifoThreshold
 *fill*         0x0000000008004e26        0x2 
 .text.HAL_UARTEx_SetRxFifoThreshold
                0x0000000008004e28       0x84 ./Drivers/STM32G0xx_HAL_Driver/Src/stm32g0xx_hal_uart_ex.o
                0x0000000008004e28                HAL_UARTEx_SetRxFifoThreshold
 .text.UARTEx_SetNbDataToProcess
                0x0000000008004eac       0xbc ./Drivers/STM32G0xx_HAL_Driver/Src/stm32g0xx_hal_uart_ex.o
 .text.__libc_init_array
                0x0000000008004f68       0x48 c:/st/stm32cubeide_1.12.0/stm32cubeide/plugins/com.st.stm32cube.ide.mcu.externaltools.gnu-tools-for-stm32.10.3-2021.10.win32_1.0.200.202301161003/tools/bin/../lib/gcc/arm-none-eabi/10.3.1/../../../../arm-none-eabi/lib/thumb/v6-m/nofp\libc_nano.a(lib_a-init.o)
                0x0000000008004f68                __libc_init_array
 .text.memset   0x0000000008004fb0       0x10 c:/st/stm32cubeide_1.12.0/stm32cubeide/plugins/com.st.stm32cube.ide.mcu.externaltools.gnu-tools-for-stm32.10.3-2021.10.win32_1.0.200.202301161003/tools/bin/../lib/gcc/arm-none-eabi/10.3.1/../../../../arm-none-eabi/lib/thumb/v6-m/nofp\libc_nano.a(lib_a-memset.o)
                0x0000000008004fb0                memset
 *(.glue_7)
 .glue_7        0x0000000008004fc0        0x0 linker stubs
 *(.glue_7t)
 .glue_7t       0x0000000008004fc0        0x0 linker stubs
 *(.eh_frame)
 .eh_frame      0x0000000008004fc0        0x0 c:/st/stm32cubeide_1.12.0/stm32cubeide/plugins/com.st.stm32cube.ide.mcu.externaltools.gnu-tools-for-stm32.10.3-2021.10.win32_1.0.200.202301161003/tools/bin/../lib/gcc/arm-none-eabi/10.3.1/thumb/v6-m/nofp/crtbegin.o
 *(.init)
 .init          0x0000000008004fc0        0x4 c:/st/stm32cubeide_1.12.0/stm32cubeide/plugins/com.st.stm32cube.ide.mcu.externaltools.gnu-tools-for-stm32.10.3-2021.10.win32_1.0.200.202301161003/tools/bin/../lib/gcc/arm-none-eabi/10.3.1/thumb/v6-m/nofp/crti.o
                0x0000000008004fc0                _init
 .init          0x0000000008004fc4        0x8 c:/st/stm32cubeide_1.12.0/stm32cubeide/plugins/com.st.stm32cube.ide.mcu.externaltools.gnu-tools-for-stm32.10.3-2021.10.win32_1.0.200.202301161003/tools/bin/../lib/gcc/arm-none-eabi/10.3.1/thumb/v6-m/nofp/crtn.o
 *(.fini)
 .fini          0x0000000008004fcc        0x4 c:/st/stm32cubeide_1.12.0/stm32cubeide/plugins/com.st.stm32cube.ide.mcu.externaltools.gnu-tools-for-stm32.10.3-2021.10.win32_1.0.200.202301161003/tools/bin/../lib/gcc/arm-none-eabi/10.3.1/thumb/v6-m/nofp/crti.o
                0x0000000008004fcc                _fini
 .fini          0x0000000008004fd0        0x8 c:/st/stm32cubeide_1.12.0/stm32cubeide/plugins/com.st.stm32cube.ide.mcu.externaltools.gnu-tools-for-stm32.10.3-2021.10.win32_1.0.200.202301161003/tools/bin/../lib/gcc/arm-none-eabi/10.3.1/thumb/v6-m/nofp/crtn.o
                0x0000000008004fd8                . = ALIGN (0x4)
                0x0000000008004fd8                _etext = .

.vfp11_veneer   0x0000000008004fd8        0x0
 .vfp11_veneer  0x0000000008004fd8        0x0 linker stubs

.v4_bx          0x0000000008004fd8        0x0
 .v4_bx         0x0000000008004fd8        0x0 linker stubs

.iplt           0x0000000008004fd8        0x0
 .iplt          0x0000000008004fd8        0x0 c:/st/stm32cubeide_1.12.0/stm32cubeide/plugins/com.st.stm32cube.ide.mcu.externaltools.gnu-tools-for-stm32.10.3-2021.10.win32_1.0.200.202301161003/tools/bin/../lib/gcc/arm-none-eabi/10.3.1/thumb/v6-m/nofp/crtbegin.o

.rodata         0x0000000008004fd8       0xb0
                0x0000000008004fd8                . = ALIGN (0x4)
 *(.rodata)
 *(.rodata*)
 .rodata.AHBPrescTable
                0x0000000008004fd8       0x40 ./Core/Src/system_stm32g0xx.o
                0x0000000008004fd8                AHBPrescTable
 .rodata.APBPrescTable
                0x0000000008005018       0x20 ./Core/Src/system_stm32g0xx.o
                0x0000000008005018                APBPrescTable
 .rodata.LED12A1_DeviceEnable
                0x0000000008005038       0x14 ./Drivers/BSP/LED12A1/led12a1.o
 .rodata.LED12A1_SetDeviceAddr
                0x000000000800504c       0x14 ./Drivers/BSP/LED12A1/led12a1.o
 .rodata.UARTPrescTable
                0x0000000008005060       0x18 ./Drivers/STM32G0xx_HAL_Driver/Src/stm32g0xx_hal_uart.o
                0x0000000008005060                UARTPrescTable
 .rodata.numerator.1
                0x0000000008005078        0x8 ./Drivers/STM32G0xx_HAL_Driver/Src/stm32g0xx_hal_uart_ex.o
 .rodata.denominator.0
                0x0000000008005080        0x8 ./Drivers/STM32G0xx_HAL_Driver/Src/stm32g0xx_hal_uart_ex.o
                0x0000000008005088                . = ALIGN (0x4)

.ARM.extab      0x0000000008005088        0x0
                0x0000000008005088                . = ALIGN (0x4)
 *(.ARM.extab* .gnu.linkonce.armextab.*)
                0x0000000008005088                . = ALIGN (0x4)

.ARM            0x0000000008005088        0x8
                0x0000000008005088                . = ALIGN (0x4)
                0x0000000008005088                __exidx_start = .
 *(.ARM.exidx*)
 .ARM.exidx     0x0000000008005088        0x8 c:/st/stm32cubeide_1.12.0/stm32cubeide/plugins/com.st.stm32cube.ide.mcu.externaltools.gnu-tools-for-stm32.10.3-2021.10.win32_1.0.200.202301161003/tools/bin/../lib/gcc/arm-none-eabi/10.3.1/thumb/v6-m/nofp\libgcc.a(_udivmoddi4.o)
                0x0000000008005090                __exidx_end = .
                0x0000000008005090                . = ALIGN (0x4)

.rel.dyn        0x0000000008005090        0x0
 .rel.iplt      0x0000000008005090        0x0 c:/st/stm32cubeide_1.12.0/stm32cubeide/plugins/com.st.stm32cube.ide.mcu.externaltools.gnu-tools-for-stm32.10.3-2021.10.win32_1.0.200.202301161003/tools/bin/../lib/gcc/arm-none-eabi/10.3.1/thumb/v6-m/nofp/crtbegin.o

.preinit_array  0x0000000008005090        0x0
                0x0000000008005090                . = ALIGN (0x4)
                0x0000000008005090                PROVIDE (__preinit_array_start = .)
 *(.preinit_array*)
                0x0000000008005090                PROVIDE (__preinit_array_end = .)
                0x0000000008005090                . = ALIGN (0x4)

.init_array     0x0000000008005090        0x4
                0x0000000008005090                . = ALIGN (0x4)
                0x0000000008005090                PROVIDE (__init_array_start = .)
 *(SORT_BY_NAME(.init_array.*))
 *(.init_array*)
 .init_array    0x0000000008005090        0x4 c:/st/stm32cubeide_1.12.0/stm32cubeide/plugins/com.st.stm32cube.ide.mcu.externaltools.gnu-tools-for-stm32.10.3-2021.10.win32_1.0.200.202301161003/tools/bin/../lib/gcc/arm-none-eabi/10.3.1/thumb/v6-m/nofp/crtbegin.o
                0x0000000008005094                PROVIDE (__init_array_end = .)
                0x0000000008005094                . = ALIGN (0x4)

.fini_array     0x0000000008005094        0x4
                0x0000000008005094                . = ALIGN (0x4)
                [!provide]                        PROVIDE (__fini_array_start = .)
 *(SORT_BY_NAME(.fini_array.*))
 *(.fini_array*)
 .fini_array    0x0000000008005094        0x4 c:/st/stm32cubeide_1.12.0/stm32cubeide/plugins/com.st.stm32cube.ide.mcu.externaltools.gnu-tools-for-stm32.10.3-2021.10.win32_1.0.200.202301161003/tools/bin/../lib/gcc/arm-none-eabi/10.3.1/thumb/v6-m/nofp/crtbegin.o
                [!provide]                        PROVIDE (__fini_array_end = .)
                0x0000000008005098                . = ALIGN (0x4)
                0x0000000008005098                _sidata = LOADADDR (.data)

.data           0x0000000020000000        0xc load address 0x0000000008005098
                0x0000000020000000                . = ALIGN (0x4)
                0x0000000020000000                _sdata = .
 *(.data)
 *(.data*)
 .data.SystemCoreClock
                0x0000000020000000        0x4 ./Core/Src/system_stm32g0xx.o
                0x0000000020000000                SystemCoreClock
 .data.uwTickPrio
                0x0000000020000004        0x4 ./Drivers/STM32G0xx_HAL_Driver/Src/stm32g0xx_hal.o
                0x0000000020000004                uwTickPrio
 .data.uwTickFreq
                0x0000000020000008        0x1 ./Drivers/STM32G0xx_HAL_Driver/Src/stm32g0xx_hal.o
                0x0000000020000008                uwTickFreq
 *(.RamFunc)
 *(.RamFunc*)
                0x000000002000000c                . = ALIGN (0x4)
 *fill*         0x0000000020000009        0x3 
                0x000000002000000c                _edata = .

.igot.plt       0x000000002000000c        0x0 load address 0x00000000080050a4
 .igot.plt      0x000000002000000c        0x0 c:/st/stm32cubeide_1.12.0/stm32cubeide/plugins/com.st.stm32cube.ide.mcu.externaltools.gnu-tools-for-stm32.10.3-2021.10.win32_1.0.200.202301161003/tools/bin/../lib/gcc/arm-none-eabi/10.3.1/thumb/v6-m/nofp/crtbegin.o
                0x000000002000000c                . = ALIGN (0x4)

.bss            0x000000002000000c      0x260 load address 0x00000000080050a4
                0x000000002000000c                _sbss = .
                0x000000002000000c                __bss_start__ = _sbss
 *(.bss)
 .bss           0x000000002000000c       0x1c c:/st/stm32cubeide_1.12.0/stm32cubeide/plugins/com.st.stm32cube.ide.mcu.externaltools.gnu-tools-for-stm32.10.3-2021.10.win32_1.0.200.202301161003/tools/bin/../lib/gcc/arm-none-eabi/10.3.1/thumb/v6-m/nofp/crtbegin.o
 *(.bss*)
 .bss.bridge_IN_buffer
                0x0000000020000028       0x40 ./Core/Src/bridge.o
                0x0000000020000028                bridge_IN_buffer
 .bss.bridge_OUT_buffer
                0x0000000020000068       0x40 ./Core/Src/bridge.o
                0x0000000020000068                bridge_OUT_buffer
 .bss.interface_mode
                0x00000000200000a8        0x1 ./Core/Src/bridge.o
                0x00000000200000a8                interface_mode
 *fill*         0x00000000200000a9        0x3 
 .bss.hi2c1     0x00000000200000ac       0x54 ./Core/Src/main.o
                0x00000000200000ac                hi2c1
 .bss.htim2     0x0000000020000100       0x4c ./Core/Src/main.o
                0x0000000020000100                htim2
 .bss.htim3     0x000000002000014c       0x4c ./Core/Src/main.o
                0x000000002000014c                htim3
 .bss.huart2    0x0000000020000198       0x94 ./Core/Src/main.o
                0x0000000020000198                huart2
 .bss.DevAddrArray
                0x000000002000022c        0xa ./Core/Src/main.o
                0x000000002000022c                DevAddrArray
 .bss.NumOfDev  0x0000000020000236        0x1 ./Core/Src/main.o
                0x0000000020000236                NumOfDev
 *fill*         0x0000000020000237        0x1 
 .bss.TmpStatus
                0x0000000020000238        0x4 ./Drivers/BSP/Components/led1202/led1202.o
                0x0000000020000238                TmpStatus
 .bss.LED1202Obj
                0x000000002000023c       0x2c ./Drivers/BSP/LED12A1/led12a1.o
                0x000000002000023c                LED1202Obj
 .bss.uwTick    0x0000000020000268        0x4 ./Drivers/STM32G0xx_HAL_Driver/Src/stm32g0xx_hal.o
                0x0000000020000268                uwTick
 *(COMMON)
                0x000000002000026c                . = ALIGN (0x4)
                0x000000002000026c                _ebss = .
                0x000000002000026c                __bss_end__ = _ebss

._user_heap_stack
                0x000000002000026c      0x604 load address 0x00000000080050a4
                0x0000000020000270                . = ALIGN (0x8)
 *fill*         0x000000002000026c        0x4 
                [!provide]                        PROVIDE (end = .)
                0x0000000020000270                PROVIDE (_end = .)
                0x0000000020000470                . = (. + _Min_Heap_Size)
 *fill*         0x0000000020000270      0x200 
                0x0000000020000870                . = (. + _Min_Stack_Size)
 *fill*         0x0000000020000470      0x400 
                0x0000000020000870                . = ALIGN (0x8)

/DISCARD/
 libc.a(*)
 libm.a(*)
 libgcc.a(*)

.ARM.attributes
                0x0000000000000000       0x28
 *(.ARM.attributes)
 .ARM.attributes
                0x0000000000000000       0x1e c:/st/stm32cubeide_1.12.0/stm32cubeide/plugins/com.st.stm32cube.ide.mcu.externaltools.gnu-tools-for-stm32.10.3-2021.10.win32_1.0.200.202301161003/tools/bin/../lib/gcc/arm-none-eabi/10.3.1/thumb/v6-m/nofp/crti.o
 .ARM.attributes
                0x000000000000001e       0x2c c:/st/stm32cubeide_1.12.0/stm32cubeide/plugins/com.st.stm32cube.ide.mcu.externaltools.gnu-tools-for-stm32.10.3-2021.10.win32_1.0.200.202301161003/tools/bin/../lib/gcc/arm-none-eabi/10.3.1/thumb/v6-m/nofp/crtbegin.o
 .ARM.attributes
                0x000000000000004a       0x2c ./Core/Src/bridge.o
 .ARM.attributes
                0x0000000000000076       0x2c ./Core/Src/main.o
 .ARM.attributes
                0x00000000000000a2       0x2c ./Core/Src/stm32g0xx_hal_msp.o
 .ARM.attributes
                0x00000000000000ce       0x2c ./Core/Src/stm32g0xx_it.o
 .ARM.attributes
                0x00000000000000fa       0x2c ./Core/Src/system_stm32g0xx.o
 .ARM.attributes
                0x0000000000000126       0x22 ./Core/Startup/startup_stm32g0b1retx.o
 .ARM.attributes
                0x0000000000000148       0x2c ./Drivers/BSP/Components/led1202/led1202.o
 .ARM.attributes
                0x0000000000000174       0x2c ./Drivers/BSP/Components/led1202/led1202_reg.o
 .ARM.attributes
                0x00000000000001a0       0x2c ./Drivers/BSP/LED12A1/led12a1.o
 .ARM.attributes
                0x00000000000001cc       0x2c ./Drivers/STM32G0xx_HAL_Driver/Src/stm32g0xx_hal.o
 .ARM.attributes
                0x00000000000001f8       0x2c ./Drivers/STM32G0xx_HAL_Driver/Src/stm32g0xx_hal_cortex.o
 .ARM.attributes
                0x0000000000000224       0x2c ./Drivers/STM32G0xx_HAL_Driver/Src/stm32g0xx_hal_gpio.o
 .ARM.attributes
                0x0000000000000250       0x2c ./Drivers/STM32G0xx_HAL_Driver/Src/stm32g0xx_hal_i2c.o
 .ARM.attributes
                0x000000000000027c       0x2c ./Drivers/STM32G0xx_HAL_Driver/Src/stm32g0xx_hal_i2c_ex.o
 .ARM.attributes
                0x00000000000002a8       0x2c ./Drivers/STM32G0xx_HAL_Driver/Src/stm32g0xx_hal_pwr_ex.o
 .ARM.attributes
                0x00000000000002d4       0x2c ./Drivers/STM32G0xx_HAL_Driver/Src/stm32g0xx_hal_rcc.o
 .ARM.attributes
                0x0000000000000300       0x2c ./Drivers/STM32G0xx_HAL_Driver/Src/stm32g0xx_hal_rcc_ex.o
 .ARM.attributes
                0x000000000000032c       0x2c ./Drivers/STM32G0xx_HAL_Driver/Src/stm32g0xx_hal_tim.o
 .ARM.attributes
                0x0000000000000358       0x2c ./Drivers/STM32G0xx_HAL_Driver/Src/stm32g0xx_hal_tim_ex.o
 .ARM.attributes
                0x0000000000000384       0x2c ./Drivers/STM32G0xx_HAL_Driver/Src/stm32g0xx_hal_uart.o
 .ARM.attributes
                0x00000000000003b0       0x2c ./Drivers/STM32G0xx_HAL_Driver/Src/stm32g0xx_hal_uart_ex.o
 .ARM.attributes
                0x00000000000003dc       0x2c c:/st/stm32cubeide_1.12.0/stm32cubeide/plugins/com.st.stm32cube.ide.mcu.externaltools.gnu-tools-for-stm32.10.3-2021.10.win32_1.0.200.202301161003/tools/bin/../lib/gcc/arm-none-eabi/10.3.1/../../../../arm-none-eabi/lib/thumb/v6-m/nofp\libc_nano.a(lib_a-init.o)
 .ARM.attributes
                0x0000000000000408       0x2c c:/st/stm32cubeide_1.12.0/stm32cubeide/plugins/com.st.stm32cube.ide.mcu.externaltools.gnu-tools-for-stm32.10.3-2021.10.win32_1.0.200.202301161003/tools/bin/../lib/gcc/arm-none-eabi/10.3.1/../../../../arm-none-eabi/lib/thumb/v6-m/nofp\libc_nano.a(lib_a-memset.o)
 .ARM.attributes
                0x0000000000000434       0x1e c:/st/stm32cubeide_1.12.0/stm32cubeide/plugins/com.st.stm32cube.ide.mcu.externaltools.gnu-tools-for-stm32.10.3-2021.10.win32_1.0.200.202301161003/tools/bin/../lib/gcc/arm-none-eabi/10.3.1/thumb/v6-m/nofp\libgcc.a(_udivsi3.o)
 .ARM.attributes
                0x0000000000000452       0x1e c:/st/stm32cubeide_1.12.0/stm32cubeide/plugins/com.st.stm32cube.ide.mcu.externaltools.gnu-tools-for-stm32.10.3-2021.10.win32_1.0.200.202301161003/tools/bin/../lib/gcc/arm-none-eabi/10.3.1/thumb/v6-m/nofp\libgcc.a(_divsi3.o)
 .ARM.attributes
                0x0000000000000470       0x1e c:/st/stm32cubeide_1.12.0/stm32cubeide/plugins/com.st.stm32cube.ide.mcu.externaltools.gnu-tools-for-stm32.10.3-2021.10.win32_1.0.200.202301161003/tools/bin/../lib/gcc/arm-none-eabi/10.3.1/thumb/v6-m/nofp\libgcc.a(_dvmd_tls.o)
 .ARM.attributes
                0x000000000000048e       0x1e c:/st/stm32cubeide_1.12.0/stm32cubeide/plugins/com.st.stm32cube.ide.mcu.externaltools.gnu-tools-for-stm32.10.3-2021.10.win32_1.0.200.202301161003/tools/bin/../lib/gcc/arm-none-eabi/10.3.1/thumb/v6-m/nofp\libgcc.a(_aeabi_uldivmod.o)
 .ARM.attributes
                0x00000000000004ac       0x2c c:/st/stm32cubeide_1.12.0/stm32cubeide/plugins/com.st.stm32cube.ide.mcu.externaltools.gnu-tools-for-stm32.10.3-2021.10.win32_1.0.200.202301161003/tools/bin/../lib/gcc/arm-none-eabi/10.3.1/thumb/v6-m/nofp\libgcc.a(_udivmoddi4.o)
 .ARM.attributes
                0x00000000000004d8       0x1e c:/st/stm32cubeide_1.12.0/stm32cubeide/plugins/com.st.stm32cube.ide.mcu.externaltools.gnu-tools-for-stm32.10.3-2021.10.win32_1.0.200.202301161003/tools/bin/../lib/gcc/arm-none-eabi/10.3.1/thumb/v6-m/nofp\libgcc.a(_clzdi2.o)
 .ARM.attributes
                0x00000000000004f6       0x1e c:/st/stm32cubeide_1.12.0/stm32cubeide/plugins/com.st.stm32cube.ide.mcu.externaltools.gnu-tools-for-stm32.10.3-2021.10.win32_1.0.200.202301161003/tools/bin/../lib/gcc/arm-none-eabi/10.3.1/thumb/v6-m/nofp\libgcc.a(_clzsi2.o)
 .ARM.attributes
                0x0000000000000514       0x1e c:/st/stm32cubeide_1.12.0/stm32cubeide/plugins/com.st.stm32cube.ide.mcu.externaltools.gnu-tools-for-stm32.10.3-2021.10.win32_1.0.200.202301161003/tools/bin/../lib/gcc/arm-none-eabi/10.3.1/thumb/v6-m/nofp/crtn.o
OUTPUT(HackKosice2023.elf elf32-littlearm)
LOAD linker stubs
LOAD c:/st/stm32cubeide_1.12.0/stm32cubeide/plugins/com.st.stm32cube.ide.mcu.externaltools.gnu-tools-for-stm32.10.3-2021.10.win32_1.0.200.202301161003/tools/bin/../lib/gcc/arm-none-eabi/10.3.1/../../../../arm-none-eabi/lib/thumb/v6-m/nofp\libc.a
LOAD c:/st/stm32cubeide_1.12.0/stm32cubeide/plugins/com.st.stm32cube.ide.mcu.externaltools.gnu-tools-for-stm32.10.3-2021.10.win32_1.0.200.202301161003/tools/bin/../lib/gcc/arm-none-eabi/10.3.1/../../../../arm-none-eabi/lib/thumb/v6-m/nofp\libm.a
LOAD c:/st/stm32cubeide_1.12.0/stm32cubeide/plugins/com.st.stm32cube.ide.mcu.externaltools.gnu-tools-for-stm32.10.3-2021.10.win32_1.0.200.202301161003/tools/bin/../lib/gcc/arm-none-eabi/10.3.1/thumb/v6-m/nofp\libgcc.a

.debug_info     0x0000000000000000    0x1783e
 .debug_info    0x0000000000000000     0x1439 ./Core/Src/bridge.o
 .debug_info    0x0000000000001439     0x1bb2 ./Core/Src/main.o
 .debug_info    0x0000000000002feb     0x14ce ./Core/Src/stm32g0xx_hal_msp.o
 .debug_info    0x00000000000044b9      0x11e ./Core/Src/stm32g0xx_it.o
 .debug_info    0x00000000000045d7      0x34d ./Core/Src/system_stm32g0xx.o
 .debug_info    0x0000000000004924       0x22 ./Core/Startup/startup_stm32g0b1retx.o
 .debug_info    0x0000000000004946      0xbb1 ./Drivers/BSP/Components/led1202/led1202.o
 .debug_info    0x00000000000054f7      0x211 ./Drivers/BSP/Components/led1202/led1202_reg.o
 .debug_info    0x0000000000005708     0x1458 ./Drivers/BSP/LED12A1/led12a1.o
 .debug_info    0x0000000000006b60      0xb4d ./Drivers/STM32G0xx_HAL_Driver/Src/stm32g0xx_hal.o
 .debug_info    0x00000000000076ad      0x90d ./Drivers/STM32G0xx_HAL_Driver/Src/stm32g0xx_hal_cortex.o
 .debug_info    0x0000000000007fba      0x647 ./Drivers/STM32G0xx_HAL_Driver/Src/stm32g0xx_hal_gpio.o
 .debug_info    0x0000000000008601     0x23b8 ./Drivers/STM32G0xx_HAL_Driver/Src/stm32g0xx_hal_i2c.o
 .debug_info    0x000000000000a9b9      0xada ./Drivers/STM32G0xx_HAL_Driver/Src/stm32g0xx_hal_i2c_ex.o
 .debug_info    0x000000000000b493      0x90c ./Drivers/STM32G0xx_HAL_Driver/Src/stm32g0xx_hal_pwr_ex.o
 .debug_info    0x000000000000bd9f      0xc08 ./Drivers/STM32G0xx_HAL_Driver/Src/stm32g0xx_hal_rcc.o
 .debug_info    0x000000000000c9a7      0xaea ./Drivers/STM32G0xx_HAL_Driver/Src/stm32g0xx_hal_rcc_ex.o
 .debug_info    0x000000000000d491     0x2e70 ./Drivers/STM32G0xx_HAL_Driver/Src/stm32g0xx_hal_tim.o
 .debug_info    0x0000000000010301     0x1a74 ./Drivers/STM32G0xx_HAL_Driver/Src/stm32g0xx_hal_tim_ex.o
 .debug_info    0x0000000000011d75     0x4a3c ./Drivers/STM32G0xx_HAL_Driver/Src/stm32g0xx_hal_uart.o
 .debug_info    0x00000000000167b1     0x108d ./Drivers/STM32G0xx_HAL_Driver/Src/stm32g0xx_hal_uart_ex.o

.debug_abbrev   0x0000000000000000     0x2b7e
 .debug_abbrev  0x0000000000000000      0x20b ./Core/Src/bridge.o
 .debug_abbrev  0x000000000000020b      0x30a ./Core/Src/main.o
 .debug_abbrev  0x0000000000000515      0x22c ./Core/Src/stm32g0xx_hal_msp.o
 .debug_abbrev  0x0000000000000741       0xad ./Core/Src/stm32g0xx_it.o
 .debug_abbrev  0x00000000000007ee      0x116 ./Core/Src/system_stm32g0xx.o
 .debug_abbrev  0x0000000000000904       0x12 ./Core/Startup/startup_stm32g0b1retx.o
 .debug_abbrev  0x0000000000000916      0x1c9 ./Drivers/BSP/Components/led1202/led1202.o
 .debug_abbrev  0x0000000000000adf       0xf2 ./Drivers/BSP/Components/led1202/led1202_reg.o
 .debug_abbrev  0x0000000000000bd1      0x2dd ./Drivers/BSP/LED12A1/led12a1.o
 .debug_abbrev  0x0000000000000eae      0x278 ./Drivers/STM32G0xx_HAL_Driver/Src/stm32g0xx_hal.o
 .debug_abbrev  0x0000000000001126      0x29f ./Drivers/STM32G0xx_HAL_Driver/Src/stm32g0xx_hal_cortex.o
 .debug_abbrev  0x00000000000013c5      0x1b9 ./Drivers/STM32G0xx_HAL_Driver/Src/stm32g0xx_hal_gpio.o
 .debug_abbrev  0x000000000000157e      0x26d ./Drivers/STM32G0xx_HAL_Driver/Src/stm32g0xx_hal_i2c.o
 .debug_abbrev  0x00000000000017eb      0x1c6 ./Drivers/STM32G0xx_HAL_Driver/Src/stm32g0xx_hal_i2c_ex.o
 .debug_abbrev  0x00000000000019b1      0x232 ./Drivers/STM32G0xx_HAL_Driver/Src/stm32g0xx_hal_pwr_ex.o
 .debug_abbrev  0x0000000000001be3      0x2ae ./Drivers/STM32G0xx_HAL_Driver/Src/stm32g0xx_hal_rcc.o
 .debug_abbrev  0x0000000000001e91      0x234 ./Drivers/STM32G0xx_HAL_Driver/Src/stm32g0xx_hal_rcc_ex.o
 .debug_abbrev  0x00000000000020c5      0x275 ./Drivers/STM32G0xx_HAL_Driver/Src/stm32g0xx_hal_tim.o
 .debug_abbrev  0x000000000000233a      0x281 ./Drivers/STM32G0xx_HAL_Driver/Src/stm32g0xx_hal_tim_ex.o
 .debug_abbrev  0x00000000000025bb      0x2ff ./Drivers/STM32G0xx_HAL_Driver/Src/stm32g0xx_hal_uart.o
 .debug_abbrev  0x00000000000028ba      0x2c4 ./Drivers/STM32G0xx_HAL_Driver/Src/stm32g0xx_hal_uart_ex.o

.debug_aranges  0x0000000000000000     0x12d8
 .debug_aranges
                0x0000000000000000       0x28 ./Core/Src/bridge.o
 .debug_aranges
                0x0000000000000028       0x58 ./Core/Src/main.o
 .debug_aranges
                0x0000000000000080       0x50 ./Core/Src/stm32g0xx_hal_msp.o
 .debug_aranges
                0x00000000000000d0       0x40 ./Core/Src/stm32g0xx_it.o
 .debug_aranges
                0x0000000000000110       0x28 ./Core/Src/system_stm32g0xx.o
 .debug_aranges
                0x0000000000000138       0x28 ./Core/Startup/startup_stm32g0b1retx.o
 .debug_aranges
                0x0000000000000160       0xb0 ./Drivers/BSP/Components/led1202/led1202.o
 .debug_aranges
                0x0000000000000210       0x28 ./Drivers/BSP/Components/led1202/led1202_reg.o
 .debug_aranges
                0x0000000000000238       0x98 ./Drivers/BSP/LED12A1/led12a1.o
 .debug_aranges
                0x00000000000002d0      0x130 ./Drivers/STM32G0xx_HAL_Driver/Src/stm32g0xx_hal.o
 .debug_aranges
                0x0000000000000400       0xd8 ./Drivers/STM32G0xx_HAL_Driver/Src/stm32g0xx_hal_cortex.o
 .debug_aranges
                0x00000000000004d8       0x60 ./Drivers/STM32G0xx_HAL_Driver/Src/stm32g0xx_hal_gpio.o
 .debug_aranges
                0x0000000000000538      0x2a0 ./Drivers/STM32G0xx_HAL_Driver/Src/stm32g0xx_hal_i2c.o
 .debug_aranges
                0x00000000000007d8       0x48 ./Drivers/STM32G0xx_HAL_Driver/Src/stm32g0xx_hal_i2c_ex.o
 .debug_aranges
                0x0000000000000820      0x128 ./Drivers/STM32G0xx_HAL_Driver/Src/stm32g0xx_hal_pwr_ex.o
 .debug_aranges
                0x0000000000000948       0xa0 ./Drivers/STM32G0xx_HAL_Driver/Src/stm32g0xx_hal_rcc.o
 .debug_aranges
                0x00000000000009e8       0x88 ./Drivers/STM32G0xx_HAL_Driver/Src/stm32g0xx_hal_rcc_ex.o
 .debug_aranges
                0x0000000000000a70      0x3e0 ./Drivers/STM32G0xx_HAL_Driver/Src/stm32g0xx_hal_tim.o
 .debug_aranges
                0x0000000000000e50      0x198 ./Drivers/STM32G0xx_HAL_Driver/Src/stm32g0xx_hal_tim_ex.o
 .debug_aranges
                0x0000000000000fe8      0x248 ./Drivers/STM32G0xx_HAL_Driver/Src/stm32g0xx_hal_uart.o
 .debug_aranges
                0x0000000000001230       0xa8 ./Drivers/STM32G0xx_HAL_Driver/Src/stm32g0xx_hal_uart_ex.o

.debug_ranges   0x0000000000000000     0x11c0
 .debug_ranges  0x0000000000000000       0x18 ./Core/Src/bridge.o
 .debug_ranges  0x0000000000000018       0x48 ./Core/Src/main.o
 .debug_ranges  0x0000000000000060       0x40 ./Core/Src/stm32g0xx_hal_msp.o
 .debug_ranges  0x00000000000000a0       0x30 ./Core/Src/stm32g0xx_it.o
 .debug_ranges  0x00000000000000d0       0x18 ./Core/Src/system_stm32g0xx.o
 .debug_ranges  0x00000000000000e8       0x20 ./Core/Startup/startup_stm32g0b1retx.o
 .debug_ranges  0x0000000000000108       0xa0 ./Drivers/BSP/Components/led1202/led1202.o
 .debug_ranges  0x00000000000001a8       0x18 ./Drivers/BSP/Components/led1202/led1202_reg.o
 .debug_ranges  0x00000000000001c0       0x88 ./Drivers/BSP/LED12A1/led12a1.o
 .debug_ranges  0x0000000000000248      0x120 ./Drivers/STM32G0xx_HAL_Driver/Src/stm32g0xx_hal.o
 .debug_ranges  0x0000000000000368       0xc8 ./Drivers/STM32G0xx_HAL_Driver/Src/stm32g0xx_hal_cortex.o
 .debug_ranges  0x0000000000000430       0x50 ./Drivers/STM32G0xx_HAL_Driver/Src/stm32g0xx_hal_gpio.o
 .debug_ranges  0x0000000000000480      0x290 ./Drivers/STM32G0xx_HAL_Driver/Src/stm32g0xx_hal_i2c.o
 .debug_ranges  0x0000000000000710       0x38 ./Drivers/STM32G0xx_HAL_Driver/Src/stm32g0xx_hal_i2c_ex.o
 .debug_ranges  0x0000000000000748      0x118 ./Drivers/STM32G0xx_HAL_Driver/Src/stm32g0xx_hal_pwr_ex.o
 .debug_ranges  0x0000000000000860       0x90 ./Drivers/STM32G0xx_HAL_Driver/Src/stm32g0xx_hal_rcc.o
 .debug_ranges  0x00000000000008f0       0x78 ./Drivers/STM32G0xx_HAL_Driver/Src/stm32g0xx_hal_rcc_ex.o
 .debug_ranges  0x0000000000000968      0x3d0 ./Drivers/STM32G0xx_HAL_Driver/Src/stm32g0xx_hal_tim.o
 .debug_ranges  0x0000000000000d38      0x188 ./Drivers/STM32G0xx_HAL_Driver/Src/stm32g0xx_hal_tim_ex.o
 .debug_ranges  0x0000000000000ec0      0x268 ./Drivers/STM32G0xx_HAL_Driver/Src/stm32g0xx_hal_uart.o
 .debug_ranges  0x0000000000001128       0x98 ./Drivers/STM32G0xx_HAL_Driver/Src/stm32g0xx_hal_uart_ex.o

.debug_macro    0x0000000000000000    0x1d6e1
 .debug_macro   0x0000000000000000      0x21f ./Core/Src/bridge.o
 .debug_macro   0x000000000000021f      0xa4e ./Core/Src/bridge.o
 .debug_macro   0x0000000000000c6d       0x2e ./Core/Src/bridge.o
 .debug_macro   0x0000000000000c9b       0x28 ./Core/Src/bridge.o
 .debug_macro   0x0000000000000cc3       0x22 ./Core/Src/bridge.o
 .debug_macro   0x0000000000000ce5       0x8e ./Core/Src/bridge.o
 .debug_macro   0x0000000000000d73       0x51 ./Core/Src/bridge.o
 .debug_macro   0x0000000000000dc4      0x103 ./Core/Src/bridge.o
 .debug_macro   0x0000000000000ec7       0x6a ./Core/Src/bridge.o
 .debug_macro   0x0000000000000f31      0x1df ./Core/Src/bridge.o
 .debug_macro   0x0000000000001110       0x1c ./Core/Src/bridge.o
 .debug_macro   0x000000000000112c       0x22 ./Core/Src/bridge.o
 .debug_macro   0x000000000000114e       0xd1 ./Core/Src/bridge.o
 .debug_macro   0x000000000000121f      0x4da ./Core/Src/bridge.o
 .debug_macro   0x00000000000016f9      0x11f ./Core/Src/bridge.o
 .debug_macro   0x0000000000001818     0xf3bb ./Core/Src/bridge.o
 .debug_macro   0x0000000000010bd3       0x66 ./Core/Src/bridge.o
 .debug_macro   0x0000000000010c39      0x130 ./Core/Src/bridge.o
 .debug_macro   0x0000000000010d69     0x34fd ./Core/Src/bridge.o
 .debug_macro   0x0000000000014266      0x174 ./Core/Src/bridge.o
 .debug_macro   0x00000000000143da       0x5c ./Core/Src/bridge.o
 .debug_macro   0x0000000000014436      0x72c ./Core/Src/bridge.o
 .debug_macro   0x0000000000014b62     0x1509 ./Core/Src/bridge.o
 .debug_macro   0x000000000001606b      0x535 ./Core/Src/bridge.o
 .debug_macro   0x00000000000165a0      0x1cf ./Core/Src/bridge.o
 .debug_macro   0x000000000001676f      0x25b ./Core/Src/bridge.o
 .debug_macro   0x00000000000169ca      0x4f5 ./Core/Src/bridge.o
 .debug_macro   0x0000000000016ebf      0x280 ./Core/Src/bridge.o
 .debug_macro   0x000000000001713f      0x417 ./Core/Src/bridge.o
 .debug_macro   0x0000000000017556      0x1b2 ./Core/Src/bridge.o
 .debug_macro   0x0000000000017708       0x43 ./Core/Src/bridge.o
 .debug_macro   0x000000000001774b      0x1f1 ./Core/Src/bridge.o
 .debug_macro   0x000000000001793c      0x1e4 ./Core/Src/bridge.o
 .debug_macro   0x0000000000017b20      0x3fa ./Core/Src/bridge.o
 .debug_macro   0x0000000000017f1a       0x28 ./Core/Src/bridge.o
 .debug_macro   0x0000000000017f42      0x123 ./Core/Src/bridge.o
 .debug_macro   0x0000000000018065      0x22c ./Core/Src/bridge.o
 .debug_macro   0x0000000000018291       0x67 ./Core/Src/bridge.o
 .debug_macro   0x00000000000182f8       0xa5 ./Core/Src/bridge.o
 .debug_macro   0x000000000001839d      0x145 ./Core/Src/bridge.o
 .debug_macro   0x00000000000184e2      0x30b ./Core/Src/bridge.o
 .debug_macro   0x00000000000187ed      0xade ./Core/Src/bridge.o
 .debug_macro   0x00000000000192cb      0x239 ./Core/Src/bridge.o
 .debug_macro   0x0000000000019504      0x693 ./Core/Src/bridge.o
 .debug_macro   0x0000000000019b97       0xa6 ./Core/Src/bridge.o
 .debug_macro   0x0000000000019c3d      0x5df ./Core/Src/bridge.o
 .debug_macro   0x000000000001a21c       0x22 ./Core/Src/bridge.o
 .debug_macro   0x000000000001a23e      0x100 ./Core/Src/bridge.o
 .debug_macro   0x000000000001a33e       0x52 ./Core/Src/bridge.o
 .debug_macro   0x000000000001a390      0x259 ./Core/Src/main.o
 .debug_macro   0x000000000001a5e9       0x4c ./Core/Src/main.o
 .debug_macro   0x000000000001a635      0x330 ./Core/Src/main.o
 .debug_macro   0x000000000001a965       0x10 ./Core/Src/main.o
 .debug_macro   0x000000000001a975       0x2e ./Core/Src/main.o
 .debug_macro   0x000000000001a9a3       0x76 ./Core/Src/main.o
 .debug_macro   0x000000000001aa19      0x106 ./Core/Src/main.o
 .debug_macro   0x000000000001ab1f      0x207 ./Core/Src/stm32g0xx_hal_msp.o
 .debug_macro   0x000000000001ad26      0x211 ./Core/Src/stm32g0xx_it.o
 .debug_macro   0x000000000001af37      0x1f8 ./Core/Src/system_stm32g0xx.o
 .debug_macro   0x000000000001b12f      0x397 ./Drivers/BSP/Components/led1202/led1202.o
 .debug_macro   0x000000000001b4c6      0x32a ./Drivers/BSP/Components/led1202/led1202.o
 .debug_macro   0x000000000001b7f0       0x52 ./Drivers/BSP/Components/led1202/led1202.o
 .debug_macro   0x000000000001b842       0x16 ./Drivers/BSP/Components/led1202/led1202.o
 .debug_macro   0x000000000001b858       0x97 ./Drivers/BSP/Components/led1202/led1202.o
 .debug_macro   0x000000000001b8ef       0xfd ./Drivers/BSP/Components/led1202/led1202.o
 .debug_macro   0x000000000001b9ec       0x56 ./Drivers/BSP/Components/led1202/led1202.o
 .debug_macro   0x000000000001ba42       0x28 ./Drivers/BSP/Components/led1202/led1202.o
 .debug_macro   0x000000000001ba6a       0x7b ./Drivers/BSP/Components/led1202/led1202_reg.o
 .debug_macro   0x000000000001bae5       0x16 ./Drivers/BSP/Components/led1202/led1202_reg.o
 .debug_macro   0x000000000001bafb      0x24c ./Drivers/BSP/LED12A1/led12a1.o
 .debug_macro   0x000000000001bd47       0x28 ./Drivers/BSP/LED12A1/led12a1.o
 .debug_macro   0x000000000001bd6f      0x21c ./Drivers/STM32G0xx_HAL_Driver/Src/stm32g0xx_hal.o
 .debug_macro   0x000000000001bf8b      0x1f8 ./Drivers/STM32G0xx_HAL_Driver/Src/stm32g0xx_hal_cortex.o
 .debug_macro   0x000000000001c183      0x1ff ./Drivers/STM32G0xx_HAL_Driver/Src/stm32g0xx_hal_gpio.o
 .debug_macro   0x000000000001c382      0x2c4 ./Drivers/STM32G0xx_HAL_Driver/Src/stm32g0xx_hal_i2c.o
 .debug_macro   0x000000000001c646      0x1f8 ./Drivers/STM32G0xx_HAL_Driver/Src/stm32g0xx_hal_i2c_ex.o
 .debug_macro   0x000000000001c83e      0x222 ./Drivers/STM32G0xx_HAL_Driver/Src/stm32g0xx_hal_pwr_ex.o
 .debug_macro   0x000000000001ca60      0x24c ./Drivers/STM32G0xx_HAL_Driver/Src/stm32g0xx_hal_rcc.o
 .debug_macro   0x000000000001ccac      0x210 ./Drivers/STM32G0xx_HAL_Driver/Src/stm32g0xx_hal_rcc_ex.o
 .debug_macro   0x000000000001cebc      0x200 ./Drivers/STM32G0xx_HAL_Driver/Src/stm32g0xx_hal_tim.o
 .debug_macro   0x000000000001d0bc      0x1fe ./Drivers/STM32G0xx_HAL_Driver/Src/stm32g0xx_hal_tim_ex.o
 .debug_macro   0x000000000001d2ba      0x223 ./Drivers/STM32G0xx_HAL_Driver/Src/stm32g0xx_hal_uart.o
 .debug_macro   0x000000000001d4dd      0x204 ./Drivers/STM32G0xx_HAL_Driver/Src/stm32g0xx_hal_uart_ex.o

.debug_line     0x0000000000000000    0x175a6
 .debug_line    0x0000000000000000      0xa73 ./Core/Src/bridge.o
 .debug_line    0x0000000000000a73      0xbfd ./Core/Src/main.o
 .debug_line    0x0000000000001670      0x850 ./Core/Src/stm32g0xx_hal_msp.o
 .debug_line    0x0000000000001ec0      0x79c ./Core/Src/stm32g0xx_it.o
 .debug_line    0x000000000000265c      0x7aa ./Core/Src/system_stm32g0xx.o
 .debug_line    0x0000000000002e06       0x89 ./Core/Startup/startup_stm32g0b1retx.o
 .debug_line    0x0000000000002e8f      0xd73 ./Drivers/BSP/Components/led1202/led1202.o
 .debug_line    0x0000000000003c02      0x3e4 ./Drivers/BSP/Components/led1202/led1202_reg.o
 .debug_line    0x0000000000003fe6      0xab8 ./Drivers/BSP/LED12A1/led12a1.o
 .debug_line    0x0000000000004a9e      0xb10 ./Drivers/STM32G0xx_HAL_Driver/Src/stm32g0xx_hal.o
 .debug_line    0x00000000000055ae      0xb61 ./Drivers/STM32G0xx_HAL_Driver/Src/stm32g0xx_hal_cortex.o
 .debug_line    0x000000000000610f      0xb61 ./Drivers/STM32G0xx_HAL_Driver/Src/stm32g0xx_hal_gpio.o
 .debug_line    0x0000000000006c70     0x36f3 ./Drivers/STM32G0xx_HAL_Driver/Src/stm32g0xx_hal_i2c.o
 .debug_line    0x000000000000a363      0x955 ./Drivers/STM32G0xx_HAL_Driver/Src/stm32g0xx_hal_i2c_ex.o
 .debug_line    0x000000000000acb8      0xbcd ./Drivers/STM32G0xx_HAL_Driver/Src/stm32g0xx_hal_pwr_ex.o
 .debug_line    0x000000000000b885      0xf6c ./Drivers/STM32G0xx_HAL_Driver/Src/stm32g0xx_hal_rcc.o
 .debug_line    0x000000000000c7f1     0x1165 ./Drivers/STM32G0xx_HAL_Driver/Src/stm32g0xx_hal_rcc_ex.o
 .debug_line    0x000000000000d956     0x3c84 ./Drivers/STM32G0xx_HAL_Driver/Src/stm32g0xx_hal_tim.o
 .debug_line    0x00000000000115da     0x1cbb ./Drivers/STM32G0xx_HAL_Driver/Src/stm32g0xx_hal_tim_ex.o
 .debug_line    0x0000000000013295     0x3532 ./Drivers/STM32G0xx_HAL_Driver/Src/stm32g0xx_hal_uart.o
 .debug_line    0x00000000000167c7      0xddf ./Drivers/STM32G0xx_HAL_Driver/Src/stm32g0xx_hal_uart_ex.o

.debug_str      0x0000000000000000    0xc08c4
 .debug_str     0x0000000000000000    0xb5deb ./Core/Src/bridge.o
                                      0xb667e (size before relaxing)
 .debug_str     0x00000000000b5deb     0x1f12 ./Core/Src/main.o
                                      0xb83a4 (size before relaxing)
 .debug_str     0x00000000000b7cfd      0x27d ./Core/Src/stm32g0xx_hal_msp.o
                                      0xb62d6 (size before relaxing)
 .debug_str     0x00000000000b7f7a       0x82 ./Core/Src/stm32g0xx_it.o
                                      0xb542d (size before relaxing)
 .debug_str     0x00000000000b7ffc       0x8e ./Core/Src/system_stm32g0xx.o
                                      0xb53e9 (size before relaxing)
 .debug_str     0x00000000000b808a       0x36 ./Core/Startup/startup_stm32g0b1retx.o
                                         0x76 (size before relaxing)
 .debug_str     0x00000000000b80c0     0x409e ./Drivers/BSP/Components/led1202/led1202.o
                                      0xbac35 (size before relaxing)
 .debug_str     0x00000000000bc15e       0x35 ./Drivers/BSP/Components/led1202/led1202_reg.o
                                       0x509b (size before relaxing)
 .debug_str     0x00000000000bc193      0x1e0 ./Drivers/BSP/LED12A1/led12a1.o
                                      0xb7894 (size before relaxing)
 .debug_str     0x00000000000bc373      0x825 ./Drivers/STM32G0xx_HAL_Driver/Src/stm32g0xx_hal.o
                                      0xb5cc2 (size before relaxing)
 .debug_str     0x00000000000bcb98      0x28e ./Drivers/STM32G0xx_HAL_Driver/Src/stm32g0xx_hal_cortex.o
                                      0xb58c2 (size before relaxing)
 .debug_str     0x00000000000bce26      0x164 ./Drivers/STM32G0xx_HAL_Driver/Src/stm32g0xx_hal_gpio.o
                                      0xb554c (size before relaxing)
 .debug_str     0x00000000000bcf8a      0xd67 ./Drivers/STM32G0xx_HAL_Driver/Src/stm32g0xx_hal_i2c.o
                                      0xb67df (size before relaxing)
 .debug_str     0x00000000000bdcf1       0xb8 ./Drivers/STM32G0xx_HAL_Driver/Src/stm32g0xx_hal_i2c_ex.o
                                      0xb5a7c (size before relaxing)
 .debug_str     0x00000000000bdda9      0x3f0 ./Drivers/STM32G0xx_HAL_Driver/Src/stm32g0xx_hal_pwr_ex.o
                                      0xb596b (size before relaxing)
 .debug_str     0x00000000000be199      0x3b7 ./Drivers/STM32G0xx_HAL_Driver/Src/stm32g0xx_hal_rcc.o
                                      0xb5adb (size before relaxing)
 .debug_str     0x00000000000be550      0x344 ./Drivers/STM32G0xx_HAL_Driver/Src/stm32g0xx_hal_rcc_ex.o
                                      0xb5a45 (size before relaxing)
 .debug_str     0x00000000000be894      0xe28 ./Drivers/STM32G0xx_HAL_Driver/Src/stm32g0xx_hal_tim.o
                                      0xb6942 (size before relaxing)
 .debug_str     0x00000000000bf6bc      0x5f9 ./Drivers/STM32G0xx_HAL_Driver/Src/stm32g0xx_hal_tim_ex.o
                                      0xb62e0 (size before relaxing)
 .debug_str     0x00000000000bfcb5      0x9ab ./Drivers/STM32G0xx_HAL_Driver/Src/stm32g0xx_hal_uart.o
                                      0xb63d4 (size before relaxing)
 .debug_str     0x00000000000c0660      0x264 ./Drivers/STM32G0xx_HAL_Driver/Src/stm32g0xx_hal_uart_ex.o
                                      0xb5c9a (size before relaxing)

.comment        0x0000000000000000       0x50
 .comment       0x0000000000000000       0x50 ./Core/Src/bridge.o
                                         0x51 (size before relaxing)
 .comment       0x0000000000000050       0x51 ./Core/Src/main.o
 .comment       0x0000000000000050       0x51 ./Core/Src/stm32g0xx_hal_msp.o
 .comment       0x0000000000000050       0x51 ./Core/Src/stm32g0xx_it.o
 .comment       0x0000000000000050       0x51 ./Core/Src/system_stm32g0xx.o
 .comment       0x0000000000000050       0x51 ./Drivers/BSP/Components/led1202/led1202.o
 .comment       0x0000000000000050       0x51 ./Drivers/BSP/Components/led1202/led1202_reg.o
 .comment       0x0000000000000050       0x51 ./Drivers/BSP/LED12A1/led12a1.o
 .comment       0x0000000000000050       0x51 ./Drivers/STM32G0xx_HAL_Driver/Src/stm32g0xx_hal.o
 .comment       0x0000000000000050       0x51 ./Drivers/STM32G0xx_HAL_Driver/Src/stm32g0xx_hal_cortex.o
 .comment       0x0000000000000050       0x51 ./Drivers/STM32G0xx_HAL_Driver/Src/stm32g0xx_hal_gpio.o
 .comment       0x0000000000000050       0x51 ./Drivers/STM32G0xx_HAL_Driver/Src/stm32g0xx_hal_i2c.o
 .comment       0x0000000000000050       0x51 ./Drivers/STM32G0xx_HAL_Driver/Src/stm32g0xx_hal_i2c_ex.o
 .comment       0x0000000000000050       0x51 ./Drivers/STM32G0xx_HAL_Driver/Src/stm32g0xx_hal_pwr_ex.o
 .comment       0x0000000000000050       0x51 ./Drivers/STM32G0xx_HAL_Driver/Src/stm32g0xx_hal_rcc.o
 .comment       0x0000000000000050       0x51 ./Drivers/STM32G0xx_HAL_Driver/Src/stm32g0xx_hal_rcc_ex.o
 .comment       0x0000000000000050       0x51 ./Drivers/STM32G0xx_HAL_Driver/Src/stm32g0xx_hal_tim.o
 .comment       0x0000000000000050       0x51 ./Drivers/STM32G0xx_HAL_Driver/Src/stm32g0xx_hal_tim_ex.o
 .comment       0x0000000000000050       0x51 ./Drivers/STM32G0xx_HAL_Driver/Src/stm32g0xx_hal_uart.o
 .comment       0x0000000000000050       0x51 ./Drivers/STM32G0xx_HAL_Driver/Src/stm32g0xx_hal_uart_ex.o

.debug_frame    0x0000000000000000     0x44b4
 .debug_frame   0x0000000000000000       0x50 ./Core/Src/bridge.o
 .debug_frame   0x0000000000000050      0x108 ./Core/Src/main.o
 .debug_frame   0x0000000000000158       0xf0 ./Core/Src/stm32g0xx_hal_msp.o
 .debug_frame   0x0000000000000248       0x9c ./Core/Src/stm32g0xx_it.o
 .debug_frame   0x00000000000002e4       0x4c ./Core/Src/system_stm32g0xx.o
 .debug_frame   0x0000000000000330      0x270 ./Drivers/BSP/Components/led1202/led1202.o
 .debug_frame   0x00000000000005a0       0x58 ./Drivers/BSP/Components/led1202/led1202_reg.o
 .debug_frame   0x00000000000005f8      0x21c ./Drivers/BSP/LED12A1/led12a1.o
 .debug_frame   0x0000000000000814      0x41c ./Drivers/STM32G0xx_HAL_Driver/Src/stm32g0xx_hal.o
 .debug_frame   0x0000000000000c30      0x2fc ./Drivers/STM32G0xx_HAL_Driver/Src/stm32g0xx_hal_cortex.o
 .debug_frame   0x0000000000000f2c      0x130 ./Drivers/STM32G0xx_HAL_Driver/Src/stm32g0xx_hal_gpio.o
 .debug_frame   0x000000000000105c      0xa64 ./Drivers/STM32G0xx_HAL_Driver/Src/stm32g0xx_hal_i2c.o
 .debug_frame   0x0000000000001ac0       0xd0 ./Drivers/STM32G0xx_HAL_Driver/Src/stm32g0xx_hal_i2c_ex.o
 .debug_frame   0x0000000000001b90      0x3f4 ./Drivers/STM32G0xx_HAL_Driver/Src/stm32g0xx_hal_pwr_ex.o
 .debug_frame   0x0000000000001f84      0x214 ./Drivers/STM32G0xx_HAL_Driver/Src/stm32g0xx_hal_rcc.o
 .debug_frame   0x0000000000002198      0x1c0 ./Drivers/STM32G0xx_HAL_Driver/Src/stm32g0xx_hal_rcc_ex.o
 .debug_frame   0x0000000000002358      0xf40 ./Drivers/STM32G0xx_HAL_Driver/Src/stm32g0xx_hal_tim.o
 .debug_frame   0x0000000000003298      0x620 ./Drivers/STM32G0xx_HAL_Driver/Src/stm32g0xx_hal_tim_ex.o
 .debug_frame   0x00000000000038b8      0x8d8 ./Drivers/STM32G0xx_HAL_Driver/Src/stm32g0xx_hal_uart.o
 .debug_frame   0x0000000000004190      0x25c ./Drivers/STM32G0xx_HAL_Driver/Src/stm32g0xx_hal_uart_ex.o
 .debug_frame   0x00000000000043ec       0x2c c:/st/stm32cubeide_1.12.0/stm32cubeide/plugins/com.st.stm32cube.ide.mcu.externaltools.gnu-tools-for-stm32.10.3-2021.10.win32_1.0.200.202301161003/tools/bin/../lib/gcc/arm-none-eabi/10.3.1/../../../../arm-none-eabi/lib/thumb/v6-m/nofp\libc_nano.a(lib_a-init.o)
 .debug_frame   0x0000000000004418       0x20 c:/st/stm32cubeide_1.12.0/stm32cubeide/plugins/com.st.stm32cube.ide.mcu.externaltools.gnu-tools-for-stm32.10.3-2021.10.win32_1.0.200.202301161003/tools/bin/../lib/gcc/arm-none-eabi/10.3.1/../../../../arm-none-eabi/lib/thumb/v6-m/nofp\libc_nano.a(lib_a-memset.o)
 .debug_frame   0x0000000000004438       0x20 c:/st/stm32cubeide_1.12.0/stm32cubeide/plugins/com.st.stm32cube.ide.mcu.externaltools.gnu-tools-for-stm32.10.3-2021.10.win32_1.0.200.202301161003/tools/bin/../lib/gcc/arm-none-eabi/10.3.1/thumb/v6-m/nofp\libgcc.a(_udivsi3.o)
 .debug_frame   0x0000000000004458       0x20 c:/st/stm32cubeide_1.12.0/stm32cubeide/plugins/com.st.stm32cube.ide.mcu.externaltools.gnu-tools-for-stm32.10.3-2021.10.win32_1.0.200.202301161003/tools/bin/../lib/gcc/arm-none-eabi/10.3.1/thumb/v6-m/nofp\libgcc.a(_divsi3.o)
 .debug_frame   0x0000000000004478       0x3c c:/st/stm32cubeide_1.12.0/stm32cubeide/plugins/com.st.stm32cube.ide.mcu.externaltools.gnu-tools-for-stm32.10.3-2021.10.win32_1.0.200.202301161003/tools/bin/../lib/gcc/arm-none-eabi/10.3.1/thumb/v6-m/nofp\libgcc.a(_udivmoddi4.o)
