../Drivers/BSP/LED12A1/led12a1.c:110:10:BSP_I2C_Init	8	static
../Drivers/BSP/LED12A1/led12a1.c:120:9:BSP_I2C_DeInit	8	static
../Drivers/BSP/LED12A1/led12a1.c:134:9:BSP_I2C_Write	24	static
../Drivers/BSP/LED12A1/led12a1.c:154:9:BSP_I2C_Read	24	static
../Drivers/BSP/LED12A1/led12a1.c:87:9:LED12A1_Init	40	static
../Drivers/BSP/LED12A1/led12a1.c:176:9:ReadRegWrap	8	static
../Drivers/BSP/LED12A1/led12a1.c:192:9:WriteRegWrap	8	static
../Drivers/BSP/LED12A1/led12a1.c:206:6:LED12A1_GPIO_Init	32	static
../Drivers/BSP/LED12A1/led12a1.c:227:9:LED12A1_DeviceEnable	16	static
../Drivers/BSP/LED12A1/led12a1.c:275:9:LED12A1_SetDeviceAddr	8	static
../Drivers/BSP/LED12A1/led12a1.c:321:9:LED12A1_DeviceDisable	16	static
../Drivers/BSP/LED12A1/led12a1.c:367:9:LED12A1_ScanAvailDevice	32	static
../Drivers/BSP/LED12A1/led12a1.c:401:9:LED12A1_AnalogDimming	24	static
../Drivers/BSP/LED12A1/led12a1.c:418:9:LED12A1_DigitalDimming	40	static
../Drivers/BSP/LED12A1/led12a1.c:433:9:LED12A1_ChannelEnable	24	static
../Drivers/BSP/LED12A1/led12a1.c:449:9:LED12A1_ChannelDisable	24	static
