../Drivers/BSP/LED12A1/led12a1.c:86:9:LED12A1_Init	40	static
../Drivers/BSP/LED12A1/led12a1.c:109:10:BSP_I2C_Init	8	static
../Drivers/BSP/LED12A1/led12a1.c:119:9:BSP_I2C_DeInit	24	static
../Drivers/BSP/LED12A1/led12a1.c:133:9:BSP_I2C_Write	56	static
../Drivers/BSP/LED12A1/led12a1.c:153:9:BSP_I2C_Read	56	static
../Drivers/BSP/LED12A1/led12a1.c:175:9:ReadRegWrap	48	static
../Drivers/BSP/LED12A1/led12a1.c:191:9:WriteRegWrap	48	static
../Drivers/BSP/LED12A1/led12a1.c:205:6:LED12A1_GPIO_Init	32	static
../Drivers/BSP/LED12A1/led12a1.c:226:9:LED12A1_DeviceEnable	32	static
../Drivers/BSP/LED12A1/led12a1.c:274:9:LED12A1_SetDeviceAddr	24	static
../Drivers/BSP/LED12A1/led12a1.c:320:9:LED12A1_DeviceDisable	32	static
../Drivers/BSP/LED12A1/led12a1.c:366:9:LED12A1_ScanAvailDevice	48	static
../Drivers/BSP/LED12A1/led12a1.c:400:9:LED12A1_AnalogDimming	32	static
../Drivers/BSP/LED12A1/led12a1.c:417:9:LED12A1_DigitalDimming	48	static
../Drivers/BSP/LED12A1/led12a1.c:432:9:LED12A1_ChannelEnable	24	static
../Drivers/BSP/LED12A1/led12a1.c:448:9:LED12A1_ChannelDisable	24	static
